=~=~=~=~=~=~=~=~=~=~=~= PuTTY log 2024.05.23 14:57:08 =~=~=~=~=~=~=~=~=~=~=~=
 NOTICE:  BL2: v2.7(release):570290b
NOTICE:  BL2: Built : 10:34:45, Feb 21 2024
NOTICE:  BL2: Booting BL31
NOTICE:  BL31: v2.7(release):570290b
NOTICE:  BL31: Built : 11:16:33, Feb 20 2024


U-Boot 2021.10-g88609bb1 (Feb 21 2024 - 17:23:14 +0530)

CPU:   Renesas Electronics CPU rev 1.0
Model: rzv2l-calixto-optima
DRAM:  1.4 GiB
WDT:   watchdog@0000000012800800
WDT:   Started with servicing (60s timeout)
MMC:   sd@11c00000: 0, sd@11c10000: 1
Loading Environment from SPIFlash... SF: Detected w25q64cv with page size 256 Bytes, erase size 4 KiB, total 8 MiB
OK
In:    serial@1004b800
Out:   serial@1004b800
Err:   serial@1004b800
U-boot WDT started!
Net:   No ethernet found.

Hit any key to stop autoboot:  2  1  0 
switch to partitions #0, OK
mmc1 is current device
19298816 bytes read in 1589 ms (11.6 MiB/s)
36130 bytes read in 5 ms (6.9 MiB/s)
Error: Bad gzipped data
Moving Image from 0x48080000 to 0x48200000, end=494d0000
## Flattened Device Tree blob at 48000000
   Booting using the fdt blob at 0x48000000
ERROR: reserving fdt memory region failed (addr=80000000 size=20000000 flags=0)
   Loading Device Tree to 0000000057ff4000, end 0000000057fffd21 ... OK

Starting kernel ...

[    0.000000] Booting Linux on physical CPU 0x0000000000 [0x412fd050]
[    0.000000] Linux version 5.10.184-cip36-yocto-standard (oe-user@oe-host) (aarch64-poky-linux-gcc (GCC) 9.5.0, GNU ld (GNU Binutils) 2.34.0.20200910) #1 SMP PREEMPT Sat Feb 27 02:21:18 UTC 2021
[    0.000000] Machine model: Renesas SMARC EVK based on r9a07g054l2 - Optima
[    0.000000] earlycon: scif0 at MMIO 0x000000001004b800 (options '115200n8')
[    0.000000] printk: bootconsole [scif0] enabled
[    0.000000] efi: UEFI not found.
[    0.000000] Reserved memory: created CMA memory pool at 0x0000000058000000, size 256 MiB
[    0.000000] OF: reserved mem: initialized node linux,cma@58000000, compatible id shared-dma-pool
[    0.000000] Reserved memory: created CMA memory pool at 0x0000000068000000, size 128 MiB
[    0.000000] OF: reserved mem: initialized node linux,multimedia, compatible id shared-dma-pool
[    0.000000] Reserved memory: created CMA memory pool at 0x00000000b0000000, size 64 MiB
[    0.000000] OF: reserved mem: initialized node image_buf@0, compatible id shared-dma-pool
[    0.000000] Zone ranges:
[    0.000000]   DMA      [mem 0x0000000048000000-0x000000009fffffff]
[    0.000000]   DMA32    empty
[    0.000000]   Normal   empty
[    0.000000] Movable zone start for each node
[    0.000000] Early memory node ranges
[    0.000000]   node   0: [mem 0x0000000048000000-0x000000009fffffff]
[    0.000000] Initmem setup node 0 [mem 0x0000000048000000-0x000000009fffffff]
[    0.000000] psci: probing for conduit method from DT.
[    0.000000] psci: PSCIv1.1 detected in firmware.
[    0.000000] psci: Using standard PSCI v0.2 function IDs
[    0.000000] psci: MIGRATE_INFO_TYPE not supported.
[    0.000000] psci: SMC Calling Convention v1.2
[    0.000000] percpu: Embedded 23 pages/cpu s55384 r8192 d30632 u94208
[    0.000000] Detected VIPT I-cache on CPU0
[    0.000000] CPU features: detected: GIC system register CPU interface
[    0.000000] CPU features: detected: ARM errata 1165522, 1319367, or 1530923
[    0.000000] Built 1 zonelists, mobility grouping on.  Total pages: 354816
[    0.000000] Kernel command line: rw rootwait earlycon root=/dev/mmcblk1p1 wdt_overflow=0
[    0.000000] Dentry cache hash table entries: 262144 (order: 9, 2097152 bytes, linear)
[    0.000000] Inode-cache hash table entries: 131072 (order: 8, 1048576 bytes, linear)
[    0.000000] mem auto-init: stack:off, heap alloc:off, heap free:off
[    0.000000] Memory: 465960K/1441792K available (11968K kernel code, 1054K rwdata, 3568K rodata, 2112K init, 393K bss, 517080K reserved, 458752K cma-reserved)
[    0.000000] SLUB: HWalign=64, Order=0-3, MinObjects=0, CPUs=2, Nodes=1
[    0.000000] rcu: Preemptible hierarchical RCU implementation.
[    0.000000] rcu: RCU event tracing is enabled.
[    0.000000] rcu: RCU restricting CPUs from NR_CPUS=8 to nr_cpu_ids=2.
[    0.000000] Trampoline variant of Tasks RCU enabled.
[    0.000000] rcu: RCU calculated value of scheduler-enlistment delay is 25 jiffies.
[    0.000000] rcu: Adjusting geometry for rcu_fanout_leaf=16, nr_cpu_ids=2
[    0.000000] NR_IRQS: 64, nr_irqs: 64, preallocated irqs: 0
[    0.000000] GICv3: 480 SPIs implemented
[    0.000000] GICv3: 0 Extended SPIs implemented
[    0.000000] GICv3: Distributor has no Range Selector support
[    0.000000] GICv3: 16 PPIs implemented
[    0.000000] GICv3: CPU0: found redistributor 0 region 0:0x0000000011940000
[    0.000000] arch_timer: cp15 timer(s) running at 24.00MHz (virt).
[    0.000000] clocksource: arch_sys_counter: mask: 0xffffffffffffff max_cycles: 0x588fe9dc0, max_idle_ns: 440795202592 ns
[    0.000005] sched_clock: 56 bits at 24MHz, resolution 41ns, wraps every 4398046511097ns
[    0.008241] Console: colour dummy device 80x25
[    0.012706] printk: console [tty0] enabled
[    0.016822] printk: bootconsole [scif0] disabled
[    0.000000] Booting Linux on physical CPU 0x0000000000 [0x412fd050]
[    0.000000] Linux version 5.10.184-cip36-yocto-standard (oe-user@oe-host) (aarch64-poky-linux-gcc (GCC) 9.5.0, GNU ld (GNU Binutils) 2.34.0.20200910) #1 SMP PREEMPT Sat Feb 27 02:21:18 UTC 2021
[    0.000000] Machine model: Renesas SMARC EVK based on r9a07g054l2 - Optima
[    0.000000] earlycon: scif0 at MMIO 0x000000001004b800 (options '115200n8')
[    0.000000] printk: bootconsole [scif0] enabled
[    0.000000] efi: UEFI not found.
[    0.000000] Reserved memory: created CMA memory pool at 0x0000000058000000, size 256 MiB
[    0.000000] OF: reserved mem: initialized node linux,cma@58000000, compatible id shared-dma-pool
[    0.000000] Reserved memory: created CMA memory pool at 0x0000000068000000, size 128 MiB
[    0.000000] OF: reserved mem: initialized node linux,multimedia, compatible id shared-dma-pool
[    0.000000] Reserved memory: created CMA memory pool at 0x00000000b0000000, size 64 MiB
[    0.000000] OF: reserved mem: initialized node image_buf@0, compatible id shared-dma-pool
[    0.000000] Zone ranges:
[    0.000000]   DMA      [mem 0x0000000048000000-0x000000009fffffff]
[    0.000000]   DMA32    empty
[    0.000000]   Normal   empty
[    0.000000] Movable zone start for each node
[    0.000000] Early memory node ranges
[    0.000000]   node   0: [mem 0x0000000048000000-0x000000009fffffff]
[    0.000000] Initmem setup node 0 [mem 0x0000000048000000-0x000000009fffffff]
[    0.000000] psci: probing for conduit method from DT.
[    0.000000] psci: PSCIv1.1 detected in firmware.
[    0.000000] psci: Using standard PSCI v0.2 function IDs
[    0.000000] psci: MIGRATE_INFO_TYPE not supported.
[    0.000000] psci: SMC Calling Convention v1.2
[    0.000000] percpu: Embedded 23 pages/cpu s55384 r8192 d30632 u94208
[    0.000000] Detected VIPT I-cache on CPU0
[    0.000000] CPU features: detected: GIC system register CPU interface
[    0.000000] CPU features: detected: ARM errata 1165522, 1319367, or 1530923
[    0.000000] Built 1 zonelists, mobility grouping on.  Total pages: 354816
[    0.000000] Kernel command line: rw rootwait earlycon root=/dev/mmcblk1p1 wdt_overflow=0
[    0.000000] Dentry cache hash table entries: 262144 (order: 9, 2097152 bytes, linear)
[    0.000000] Inode-cache hash table entries: 131072 (order: 8, 1048576 bytes, linear)
[    0.000000] mem auto-init: stack:off, heap alloc:off, heap free:off
[    0.000000] Memory: 465960K/1441792K available (11968K kernel code, 1054K rwdata, 3568K rodata, 2112K init, 393K bss, 517080K reserved, 458752K cma-reserved)
[    0.000000] SLUB: HWalign=64, Order=0-3, MinObjects=0, CPUs=2, Nodes=1
[    0.000000] rcu: Preemptible hierarchical RCU implementation.
[    0.000000] rcu: RCU event tracing is enabled.
[    0.000000] rcu: RCU restricting CPUs from NR_CPUS=8 to nr_cpu_ids=2.
[    0.000000] Trampoline variant of Tasks RCU enabled.
[    0.000000] rcu: RCU calculated value of scheduler-enlistment delay is 25 jiffies.
[    0.000000] rcu: Adjusting geometry for rcu_fanout_leaf=16, nr_cpu_ids=2
[    0.000000] NR_IRQS: 64, nr_irqs: 64, preallocated irqs: 0
[    0.000000] GICv3: 480 SPIs implemented
[    0.000000] GICv3: 0 Extended SPIs implemented
[    0.000000] GICv3: Distributor has no Range Selector support
[    0.000000] GICv3: 16 PPIs implemented
[    0.000000] GICv3: CPU0: found redistributor 0 region 0:0x0000000011940000
[    0.000000] arch_timer: cp15 timer(s) running at 24.00MHz (virt).
[    0.000000] clocksource: arch_sys_counter: mask: 0xffffffffffffff max_cycles: 0x588fe9dc0, max_idle_ns: 440795202592 ns
[    0.000005] sched_clock: 56 bits at 24MHz, resolution 41ns, wraps every 4398046511097ns
[    0.008241] Console: colour dummy device 80x25
[    0.012706] printk: console [tty0] enabled
[    0.016822] printk: bootconsole [scif0] disabled
[    0.021492] Calibrating delay loop (skipped), value calculated using timer frequency.. 48.00 BogoMIPS (lpj=96000)
[    0.021515] pid_max: default: 32768 minimum: 301
[    0.021649] Mount-cache hash table entries: 4096 (order: 3, 32768 bytes, linear)
[    0.021670] Mountpoint-cache hash table entries: 4096 (order: 3, 32768 bytes, linear)
[    0.023278] rcu: Hierarchical SRCU implementation.
[    0.024004] Detected Renesas RZ/V2L r9a07g054 Rev 1
[    0.024289] EFI services will not be available.
[    0.024556] smp: Bringing up secondary CPUs ...
[    0.025063] Detected VIPT I-cache on CPU1
[    0.025103] GICv3: CPU1: found redistributor 100 region 0:0x0000000011960000
[    0.025153] CPU1: Booted secondary processor 0x0000000100 [0x412fd050]
[    0.025275] smp: Brought up 1 node, 2 CPUs
[    0.025315] SMP: Total of 2 processors activated.
[    0.025327] CPU features: detected: Privileged Access Never
[    0.025336] CPU features: detected: LSE atomic instructions
[    0.025345] CPU features: detected: User Access Override
[    0.025355] CPU features: detected: 32-bit EL0 Support
[    0.025364] CPU features: detected: Common not Private translations
[    0.025375] CPU features: detected: Data cache clean to the PoU not required for I/D coherence
[    0.025390] CPU features: detected: CRC32 instructions
[    0.025400] CPU features: detected: Speculative Store Bypassing Safe (SSBS)
[    0.025411] CPU features: detected: 32-bit EL1 Support
[    0.043193] CPU: All CPU(s) started at EL1
[    0.043277] alternatives: patching kernel code
[    0.045637] devtmpfs: initialized
[    0.051236] clocksource: jiffies: mask: 0xffffffff max_cycles: 0xffffffff, max_idle_ns: 7645041785100000 ns
[    0.051290] futex hash table entries: 512 (order: 3, 32768 bytes, linear)
[    0.060466] ------------[ cut here ]------------
[    0.060531] WARNING: CPU: 0 PID: 1 at mm/cma.c:106 cma_init_reserved_areas+0x80/0x170
[    0.060547] Modules linked in:
[    0.060569] CPU: 0 PID: 1 Comm: swapper/0 Not tainted 5.10.184-cip36-yocto-standard #1
[    0.060583] Hardware name: Renesas SMARC EVK based on r9a07g054l2 - Optima (DT)
[    0.060600] pstate: 60c00005 (nZCv daif +PAN +UAO -TCO BTYPE=--)
[    0.060613] pc : cma_init_reserved_areas+0x80/0x170
[    0.060625] lr : cma_init_reserved_areas+0x7c/0x170
[    0.060635] sp : ffff8000112ebd30
[    0.060643] x29: ffff8000112ebd30 x28: 0000000000000640 
[    0.060658] x27: ffff8000112a0640 x26: 0000000000000020 
[    0.060673] x25: ffff800010ddf438 x24: 0000000000000002 
[    0.060687] x23: fffffdffffe00000 x22: ffff800010e89a18 
[    0.060702] x21: 0000000000000000 x20: 00000000000b0000 
[    0.060716] x19: ffff8000112a0740 x18: 0000000000000010 
[    0.060730] x17: 00000000f4b606ab x16: 00000000c6170bae 
[    0.060743] x15: ffff000009860460 x14: 0000000000000000 
[    0.060757] x13: 0000000000000240 x12: ffff000009860000 
[    0.060771] x11: ffff00003fcdf8d4 x10: ffff00003fcdf8c0 
[    0.060785] x9 : 0000000000000000 x8 : 0000000058000000 
[    0.060799] x7 : 0000000000000018 x6 : ffff800011298b00 
[    0.060813] x5 : ffff800011298b00 x4 : 0000000000000001 
[    0.060827] x3 : 0000000000000001 x2 : 00000000a0000000 
[    0.060840] x1 : 0000000000000000 x0 : 0000000000000000 
[    0.060854] Call trace:
[    0.060866]  cma_init_reserved_areas+0x80/0x170
[    0.060881]  do_one_initcall+0x54/0x1c8
[    0.060894]  kernel_init_freeable+0x230/0x294
[    0.060910]  kernel_init+0x14/0x114
[    0.060921]  ret_from_fork+0x10/0x30
[    0.060956] ---[ end trace d1517a1357293b18 ]---
[    0.060983] ------------[ cut here ]------------
[    0.060999] WARNING: CPU: 0 PID: 1 at mm/cma.c:114 cma_init_reserved_areas+0xc4/0x170
[    0.061011] Modules linked in:
[    0.061025] CPU: 0 PID: 1 Comm: swapper/0 Tainted: G        W         5.10.184-cip36-yocto-standard #1
[    0.061039] Hardware name: Renesas SMARC EVK based on r9a07g054l2 - Optima (DT)
[    0.061053] pstate: 60c00005 (nZCv daif +PAN +UAO -TCO BTYPE=--)
[    0.061065] pc : cma_init_reserved_areas+0xc4/0x170
[    0.061077] lr : cma_init_reserved_areas+0xbc/0x170
[    0.061086] sp : ffff8000112ebd30
[    0.061094] x29: ffff8000112ebd30 x28: 0000000000000640 
[    0.061108] x27: ffff8000112a0640 x26: 0000000000000020 
[    0.061122] x25: ffff800010ddf438 x24: 0000000000000002 
[    0.061136] x23: fffffdffffe00000 x22: ffff800010e89a18 
[    0.061150] x21: 00000000000012c0 x20: 00000000000b0200 
[    0.061164] x19: ffff8000112a0740 x18: 0000000000000010 
[    0.061178] x17: 00000000f4b606ab x16: 00000000c6170bae 
[    0.061191] x15: ffff000009860460 x14: 0000000000000000 
[    0.061205] x13: 0000000000000240 x12: ffff000009860000 
[    0.061219] x11: ffff00003fcdf8d4 x10: ffff00003fcdf8c0 
[    0.061233] x9 : 0000000000000000 x8 : 0000000058000000 
[    0.061246] x7 : 0000000000000018 x6 : ffff800011298b00 
[    0.061260] x5 : ffff800011298b00 x4 : 0000000000000001 
[    0.061274] x3 : 00000000000b0000 x2 : 00000000a0000000 
[    0.061287] x1 : 00000000000b0000 x0 : 0000000000000000 
[    0.061301] Call trace:
[    0.061311]  cma_init_reserved_areas+0xc4/0x170
[    0.061322]  do_one_initcall+0x54/0x1c8
[    0.061334]  kernel_init_freeable+0x230/0x294
[    0.061347]  kernel_init+0x14/0x114
[    0.061357]  ret_from_fork+0x10/0x30
[    0.061366] ---[ end trace d1517a1357293b19 ]---
[    0.061542] cma: CMA area image_buf@0 could not be activated
[    0.061680] pinctrl core: initialized pinctrl subsystem
[    0.062529] DMI not present or invalid.
[    0.063001] NET: Registered protocol family 16
[    0.064452] DMA: preallocated 128 KiB GFP_KERNEL pool for atomic allocations
[    0.064584] DMA: preallocated 128 KiB GFP_KERNEL|GFP_DMA pool for atomic allocations
[    0.064683] DMA: preallocated 128 KiB GFP_KERNEL|GFP_DMA32 pool for atomic allocations
[    0.064823] audit: initializing netlink subsys (disabled)
[    0.065139] audit: type=2000 audit(0.056:1): state=initialized audit_enabled=0 res=1
[    0.065674] thermal_sys: Registered thermal governor 'step_wise'
[    0.066037] cpuidle: using governor menu
[    0.066235] hw-breakpoint: found 6 breakpoint and 4 watchpoint registers.
[    0.066320] ASID allocator initialised with 65536 entries
[    0.076725] OF: /soc/spi@1004ac00: could not find phandle
[    0.076828] OF: /soc/spi@1004b000: could not find phandle
[    0.078910] OF: /soc/spi@1004ac00: could not find phandle
[    0.079116] OF: /soc/spi@1004b000: could not find phandle
[    0.090527] HugeTLB registered 1.00 GiB page size, pre-allocated 0 pages
[    0.090565] HugeTLB registered 32.0 MiB page size, pre-allocated 0 pages
[    0.090578] HugeTLB registered 2.00 MiB page size, pre-allocated 0 pages
[    0.090591] HugeTLB registered 64.0 KiB page size, pre-allocated 0 pages
[    0.092271] cryptd: max_cpu_qlen set to 1000
[    0.098226] iommu: Default domain type: Translated 
[    0.099098] vgaarb: loaded
[    0.099401] SCSI subsystem initialized
[    0.099846] usbcore: registered new interface driver usbfs
[    0.099907] usbcore: registered new interface driver hub
[    0.099949] usbcore: registered new device driver usb
[    0.100656] mc: Linux media interface: v0.10
[    0.100689] videodev: Linux video capture interface: v2.00
[    0.100768] pps_core: LinuxPPS API ver. 1 registered
[    0.100781] pps_core: Software ver. 5.3.6 - Copyright 2005-2007 Rodolfo Giometti <giometti@linux.it>
[    0.100810] PTP clock support registered
[    0.100847] EDAC MC: Ver: 3.0.0
[    0.102199] Advanced Linux Sound Architecture Driver Initialized.
[    0.102650] Bluetooth: Core ver 2.22
[    0.102699] NET: Registered protocol family 31
[    0.102711] Bluetooth: HCI device and connection manager initialized
[    0.102731] Bluetooth: HCI socket layer initialized
[    0.102744] Bluetooth: L2CAP socket layer initialized
[    0.102765] Bluetooth: SCO socket layer initialized
[    0.103416] clocksource: Switched to clocksource arch_sys_counter
[    0.103653] VFS: Disk quotas dquot_6.6.0
[    0.103721] VFS: Dquot-cache hash table entries: 512 (order 0, 4096 bytes)
[    0.109909] NET: Registered protocol family 2
[    0.110158] IP idents hash table entries: 32768 (order: 6, 262144 bytes, linear)
[    0.111241] tcp_listen_portaddr_hash hash table entries: 1024 (order: 2, 16384 bytes, linear)
[    0.111366] TCP established hash table entries: 16384 (order: 5, 131072 bytes, linear)
[    0.111525] TCP bind hash table entries: 16384 (order: 6, 262144 bytes, linear)
[    0.111812] TCP: Hash tables configured (established 16384 bind 16384)
[    0.111995] UDP hash table entries: 1024 (order: 3, 32768 bytes, linear)
[    0.112039] UDP-Lite hash table entries: 1024 (order: 3, 32768 bytes, linear)
[    0.112237] NET: Registered protocol family 1
[    0.112836] RPC: Registered named UNIX socket transport module.
[    0.112865] RPC: Registered udp transport module.
[    0.112875] RPC: Registered tcp transport module.
[    0.112885] RPC: Registered tcp NFSv4.1 backchannel transport module.
[    0.113670] PCI: CLS 0 bytes, default 64
[    0.114482] kvm [1]: HYP mode not available
[    0.118281] Initialise system trusted keyrings
[    0.118549] workingset: timestamp_bits=46 max_order=18 bucket_order=0
[    0.124208] squashfs: version 4.0 (2009/01/31) Phillip Lougher
[    0.125018] NFS: Registering the id_resolver key type
[    0.125089] Key type id_resolver registered
[    0.125100] Key type id_legacy registered
[    0.125191] nfs4filelayout_init: NFSv4 File Layout Driver Registering...
[    0.125207] nfs4flexfilelayout_init: NFSv4 Flexfile Layout Driver Registering...
[    0.125241] jffs2: version 2.2. (NAND) © 2001-2006 Red Hat, Inc.
[    0.161878] Key type asymmetric registered
[    0.161917] Asymmetric key parser 'x509' registered
[    0.161997] Block layer SCSI generic (bsg) driver version 0.4 loaded (major 245)
[    0.162016] io scheduler mq-deadline registered
[    0.162032] io scheduler kyber registered
[    0.205995] Serial: 8250/16550 driver, 4 ports, IRQ sharing enabled
[    0.207165] SuperH (H)SCI(F) driver initialized
[    0.218921] loop: module loaded
[    0.221546] tun: Universal TUN/TAP device driver, 1.6
[    0.221862] CAN device driver interface
[    0.222347] e1000e: Intel(R) PRO/1000 Network Driver
[    0.222364] e1000e: Copyright(c) 1999 - 2015 Intel Corporation.
[    0.223032] VFIO - User Level meta-driver version: 0.3
[    0.223314] ehci_hcd: USB 2.0 'Enhanced' Host Controller (EHCI) Driver
[    0.223336] ehci-pci: EHCI PCI platform driver
[    0.223464] ehci-platform: EHCI generic platform driver
[    0.224156] ohci_hcd: USB 1.1 'Open' Host Controller (OHCI) Driver
[    0.224214] ohci-pci: OHCI PCI platform driver
[    0.224303] ohci-platform: OHCI generic platform driver
[    0.225429] usbcore: registered new interface driver usb-storage
[    0.225938] renesas_usbhs 11c60000.usb: host probed
[    0.225960] renesas_usbhs 11c60000.usb: no transceiver found
[    0.226100] renesas_usbhs 11c60000.usb: gadget probed
[    0.226208] renesas_usbhs 11c60000.usb: platform init failed.
[    0.226343] renesas_usbhs 11c60000.usb: probe failed (-517)
[    0.227267] usbcore: registered new interface driver usbtouchscreen
[    0.227342] i2c /dev entries driver
[    0.232121] rzg2l-csi2 10830400.csi2: 4 lanes found
[    0.235896] EDAC rzg2l-edac: IO mapped reg addr: 0x11410000
[    0.236227] EDAC MC0: Giving out device to module rzg2l-edac controller renesas,r9a07g054-edac: DEV 11410000.edac (INTERRUPT)
[    0.238611] ledtrig-cpu: registered to indicate activity on CPUs
[    0.238656] SMCCC: SOC_ID: ARCH_SOC_ID not implemented, skipping ....
[    0.239214] clocksource: timer@12801400: mask: 0xffffffff max_cycles: 0xffffffff, max_idle_ns: 19112604467 ns
[    0.239253] sched_clock: 32 bits at 100MHz, resolution 10ns, wraps every 21474836475ns
[    0.239278] /soc/timer@12801400: used for clocksource
[    0.239751] /soc/timer@12801800: used for clock events
[    0.240702] usbcore: registered new interface driver usbhid
[    0.240727] usbhid: USB HID core driver
[    0.242148] optee: probing for conduit method.
[    0.242188] optee: api uid mismatch
[    0.242207] optee: probe of firmware:optee failed with error -22
[    0.244183] NET: Registered protocol family 10
[    0.245109] Segment Routing with IPv6
[    0.245191] sit: IPv6, IPv4 and MPLS over IPv4 tunneling driver
[    0.245670] NET: Registered protocol family 17
[    0.245695] can: controller area network core
[    0.245767] NET: Registered protocol family 29
[    0.245782] can: raw protocol
[    0.245794] can: broadcast manager protocol
[    0.245812] can: netlink gateway - max_hops=1
[    0.246192] Bluetooth: RFCOMM TTY layer initialized
[    0.246229] Bluetooth: RFCOMM socket layer initialized
[    0.246272] Bluetooth: RFCOMM ver 1.11
[    0.246292] Bluetooth: BNEP (Ethernet Emulation) ver 1.3
[    0.246303] Bluetooth: BNEP filters: protocol multicast
[    0.246318] Bluetooth: BNEP socket layer initialized
[    0.246329] Bluetooth: HIDP (Human Interface Emulation) ver 1.2
[    0.246343] Bluetooth: HIDP socket layer initialized
[    0.246625] Key type dns_resolver registered
[    0.247067] registered taskstats version 1
[    0.247085] Loading compiled-in X.509 certificates
[    0.254830] thermal emergency: set temperature to 111 celsius
[    0.254946] thermal emergency: shutdown target cpus 1
[    0.254959] thermal emergency: freq scaled target cpus 0
[    0.257567] gpio gpiochip0: (11030000.pinctrl): detected irqchip that is shared with multiple gpiochips: please fix the driver.
[    0.257946] pinctrl-rzg2l 11030000.pinctrl: pinctrl-rzg2l support registered
[    0.259858] 1004b800.serial: ttySC0 at MMIO 0x1004b800 (irq = 20, base_baud = 0) is a scif
[    1.802824] printk: console [ttySC0] enabled
[    1.808276] 1004c000.serial: ttySC2 at MMIO 0x1004c000 (irq = 25, base_baud = 0) is a scif
[    1.817698] 1004c400.serial: ttySC3 at MMIO 0x1004c400 (irq = 30, base_baud = 0) is a scif
[    1.827133] 1004c800.serial: ttySC4 at MMIO 0x1004c800 (irq = 35, base_baud = 0) is a scif
[    1.837015] rcar-du 10890000.display: error: no encoder could be initialized
[    1.844135] rcar-du 10890000.display: failed to initialize DRM/KMS (-22)
[    1.851188] rcar-du: probe of 10890000.display failed with error -22
[    1.858445] renesas_spi 1004ac00.spi: DMA available
[    1.863469] OF: /soc/spi@1004ac00: could not find phandle
[    1.869209] renesas_spi 1004ac00.spi: probed
[    1.874375] renesas_spi 1004b000.spi: DMA available
[    1.879492] OF: /soc/spi@1004b000: could not find phandle
[    1.885755] renesas_spi 1004b000.spi: probed
[    1.891093] rcar_canfd 10050000.can: can_clk rate is 50000000
[    1.897444] rcar_canfd 10050000.can: device registered (channel 1)
[    1.903650] rcar_canfd 10050000.can: global operational state (clk 0, fdmode 1)
[    1.939464] ehci-platform 11c50100.usb: EHCI Host Controller
[    1.945176] ehci-platform 11c50100.usb: new USB bus registered, assigned bus number 1
[    1.953135] ehci-platform 11c50100.usb: irq 130, io mem 0x11c50100
[    1.971423] ehci-platform 11c50100.usb: USB 2.0 started, EHCI 1.10
[    1.978289] hub 1-0:1.0: USB hub found
[    1.982079] hub 1-0:1.0: 1 port detected
[    1.987525] ohci-platform 11c50000.usb: Generic Platform OHCI controller
[    1.994255] ohci-platform 11c50000.usb: new USB bus registered, assigned bus number 2
[    2.002216] ohci-platform 11c50000.usb: irq 128, io mem 0x11c50000
[    2.098068] hub 2-0:1.0: USB hub found
[    2.101864] hub 2-0:1.0: 1 port detected
[    2.107251] renesas_usbhs 11c60000.usb: host probed
[    2.112181] renesas_usbhs 11c60000.usb: no transceiver found
[    2.117947] renesas_usbhs 11c60000.usb: gadget probed
[    2.123232] renesas_usbhs 11c60000.usb: probed
[    2.129371] i2c-riic 10058000.i2c: registered with 400000Hz bus speed
[    2.179560] ov5645 5-003c: ov5645_write_reg: write reg error -6: reg=3103, val=11
[    2.187054] ov5645 5-003c: could not set init registers
[    2.192280] ov5645 5-003c: could not power up OV5645
[    2.198034] i2c-riic 10058800.i2c: registered with 100000Hz bus speed
[    2.217455] spi-nor spi2.0: s25fl064k (8192 Kbytes)
[    2.223038] 2 fixed-partitions partitions found on MTD device spi2.0
[    2.229428] Creating 2 MTD partitions on "spi2.0":
[    2.234235] 0x000000000000-0x000000760000 : "u-boot"
[    2.240394] 0x000000760000-0x000000762000 : "env"
[    2.249379] Bluetooth: Starting self testing
[    2.255650] renesas_sdhi_internal_dmac 11c10000.mmc: mmc1 base at 0x0000000011c10000, max clock rate 100 MHz
[    2.265656] renesas_sdhi_internal_dmac 11c00000.mmc: mmc0 base at 0x0000000011c00000, max clock rate 100 MHz
[    2.272008] Bluetooth: ECDH test passed in 17877 usecs
[    2.286694] Bluetooth: SMP test passed in 5876 usecs
[    2.291689] Bluetooth: Finished self testing
[    2.296005] cfg80211: Loading compiled-in X.509 certificates for regulatory database
[    2.305718] cfg80211: Loaded X.509 cert 'sforshee: 00b28ddf47aef9cea7'
[    2.312519] ALSA device list:
[    2.315525]   No soundcards found.
[    2.319563] platform regulatory.0: Direct firmware load for regulatory.db failed with error -2
[    2.328182] cfg80211: failed to load regulatory.db
[    2.333091] Waiting for root device /dev/mmcblk1p1...
[    2.390377] mmc0: new HS200 MMC card at address 0001
[    2.395992] mmcblk0: mmc0:0001 8GTF4R 7.28 GiB 
[    2.400710] mmcblk0boot0: mmc0:0001 8GTF4R partition 1 4.00 MiB
[    2.406764] mmcblk0boot1: mmc0:0001 8GTF4R partition 2 4.00 MiB
[    2.412880] mmcblk0rpmb: mmc0:0001 8GTF4R partition 3 512 KiB, chardev (242:0)
[    2.625223] mmc1: new high speed SDHC card at address 0001
[    2.631328] mmcblk1: mmc1:0001 EB1QT 29.8 GiB 
[    2.637189]  mmcblk1: p1
[    2.737442] EXT4-fs (mmcblk1p1): recovery complete
[    2.743729] EXT4-fs (mmcblk1p1): mounted filesystem with ordered data mode. Opts: (null)
[    2.751900] VFS: Mounted root (ext4 filesystem) on device 179:25.
[    2.759660] devtmpfs: mounted
[    2.764882] Freeing unused kernel memory: 2112K
[    2.769579] Run /sbin/init as init process
[    3.209102] systemd[1]: System time before build time, advancing clock.
[    3.268753] systemd[1]: systemd 244.5+ running in system mode. (+PAM -AUDIT -SELINUX +IMA -APPARMOR -SMACK +SYSVINIT +UTMP -LIBCRYPTSETUP -GCRYPT -GNUTLS +ACL +XZ -LZ4 -SECCOMP +BLKID -ELFUTILS +KMOD -IDN2 -IDN -PCRE2 default-hierarchy=hybrid)
[    3.290824] systemd[1]: Detected architecture arm64.

Welcome to Poky (Yocto Project Reference Distro) 3.1.26 (dunfell)!

[    3.336793] systemd[1]: Set hostname to <smarc-rzv2l>.
[    3.835364] random: systemd: uninitialized urandom read (16 bytes read)
[    3.842333] systemd[1]: system-getty.slice: unit configures an IP firewall, but the local system does not support BPF/cgroup firewalling.
[    3.854679] systemd[1]: (This warning is only shown for the first unit using IP firewalling.)
[    3.866194] systemd[1]: Created slice system-getty.slice.
[  OK  ] Created slice system-getty.slice.
[    3.887727] random: systemd: uninitialized urandom read (16 bytes read)
[    3.895843] systemd[1]: Created slice system-serial\x2dgetty.slice.
[  OK  ] Created slice system-serial\x2dgetty.slice.
[    3.919636] random: systemd: uninitialized urandom read (16 bytes read)
[    3.927563] systemd[1]: Created slice User and Session Slice.
[  OK  ] Created slice User and Session Slice.
[    3.948037] systemd[1]: Started Dispatch Password Requests to Console Directory Watch.
[  OK  ] Started Dispatch Password ts to Console Directory Watch.
[    3.975954] systemd[1]: Started Forward Password Requests to Wall Directory Watch.
[  OK  ] Started Forward Password Ruests to Wall Directory Watch.
[    3.999803] systemd[1]: Reached target Host and Network Name Lookups.
[  OK  ] Reached target Host and Network Name Lookups.
[    4.023695] systemd[1]: Reached target Paths.
[  OK  ] Reached target Paths.
[    4.043693] systemd[1]: Reached target Remote File Systems.
[  OK  ] Reached target Remote File Systems.
[    4.063695] systemd[1]: Reached target Slices.
[  OK  ] Reached target Slices.
[    4.083717] systemd[1]: Reached target Swap.
[  OK  ] Reached target Swap.
[    4.135507] systemd[1]: Listening on RPCbind Server Activation Socket.
[  OK  ] Listening on RPCbind Server Activation Socket.
[    4.159742] systemd[1]: Reached target RPC Port Mapper.
[  OK  ] Reached target RPC Port Mapper.
[    4.185546] systemd[1]: Listening on Syslog Socket.
[  OK  ] Listening on Syslog Socket.
[    4.204065] systemd[1]: Listening on initctl Compatibility Named Pipe.
[  OK  ] Listening on initctl Compatibility Named Pipe.
[    4.228485] systemd[1]: Listening on Journal Audit Socket.
[  OK  ] Listening on Journal Audit Socket.
[    4.248198] systemd[1]: Listening on Journal Socket (/dev/log).
[  OK  ] Listening on Journal Socket (/dev/log).
[    4.272335] systemd[1]: Listening on Journal Socket.
[  OK  ] Listening on Journal Socket.
[    4.292475] systemd[1]: Listening on Network Service Netlink Socket.
[  OK  ] Listening on Network Service Netlink Socket.
[    4.316367] systemd[1]: Listening on udev Control Socket.
[  OK  ] Listening on udev Control Socket.
[    4.336121] systemd[1]: Listening on udev Kernel Socket.
[  OK  ] Listening on udev Kernel Socket.
[    4.360355] systemd[1]: Mounting Huge Pages File System...
         Mounting Huge Pages File System...
[    4.384260] systemd[1]: Mounting POSIX Message Queue File System...
         Mounting POSIX Message Queue File System...
[    4.416175] systemd[1]: Mounting Kernel Debug File System...
         Mounting Kernel Debug File System...
[    4.441842] systemd[1]: Mounting Temporary Directory (/tmp)...
         Mounting Temporary Directory (/tmp)...
[    4.470181] systemd[1]: Starting Create list of static device nodes for the current kernel...
         Starting Create list of stodes for the current kernel...
[    4.502291] systemd[1]: Starting Start psplash boot splash screen...
         Starting Start psplash boot splash screen...
[    4.533773] systemd[1]: Starting RPC Bind...
         Starting RPC Bind...
[    4.551912] systemd[1]: Condition check resulted in File System Check on Root Device being skipped.
[    4.568017] systemd[1]: Starting Journal Service...
         Starting Journal Service...
[    4.615785] systemd[1]: Starting Load Kernel Modules...
         Starting Load Kernel Modules...
[    4.640175] systemd[1]: Starting Remount Root and Kernel File Systems...
         Starting Remount Root and Kernel File Systems...
[    4.676256] systemd[1]: Starting udev Coldplug all Devices...
         Starting udev Coldplug all Devices...
[    4.717874] EXT4-fs (mmcblk1p1): re-mounted. Opts: (null)
[    4.725988] systemd[1]: Started RPC Bind.
[  OK  ] Started RPC Bind.
[    4.750300] ecam_ar0234: loading out-of-tree module taints kernel.
[    4.758375] DEBUG:  ar0234_probe
[    4.763074] DEBUG:  camera_initialization
[    4.767232] DEBUG: lane config received is 4
[    4.771597] DEBUG: clk config received is 800
[    4.790410] systemd[1]: Started Journal Service.
[  OK  ] Started Journal Service.
[  OK  ] Mounted Huge Pages File System.
[  OK  ] Mounted POSIX Message Queue File System.
[  OK  ] Mounted Kernel Debug File System.
[  OK  ] Mounted Temporary Directory (/tmp).
[    4.875508] DEBUG:  mcu_get_fw_version
[  OK  ] Started Create list of sta nodes for the current kernel.
[FAILED] Failed to start Start psplash boot splash screen.
See 'systemctl status psplash-start.service' for details.
[DEPEND] Dependency failed for Starprogress communication helper.
[  OK  ] Started Remount Root and Kernel File Systems.
[    4.894605] DEBUG: Current Firmware Version - (11**2MPv01XXX06110:20FFC0GLOBAL*)
[    4.984394] random: systemd-journal: uninitialized urandom read (16 bytes read)
[    5.001494] random: systemd: uninitialized urandom read (16 bytes read)
         Starting Flush[    5.016848] random: systemd-journal: uninitialized urandom read (16 bytes read)
 Journal to Persistent Storage...
         Starting Create Static Device Nodes in /dev...
[    5.072258] systemd-journald[189]: Received client request to flush runtime journal.
[  OK  ] Started Flush Journal to Persistent Storage.
[  OK  ] Started Create Static Device Nodes in /dev.
[  OK  ] Reached target Local File Systems (Pre).
         Mounting /var/volatile...
         Starting udev Kernel Device Manager...
[  OK  ] Mounted /var/volatile.
         Starting Load/Save Random Seed...
[  OK  ] Reached target Local File Systems.
         Starting Create Volatile Files and Directories...
[  OK  ] Started Create Volatile Files and Directories.
         Starting Network Time Synchronization...
         Starting Update UTMP about System Boot/Shutdown...
[  OK  ] Started Update UTMP about System Boot/Shutdown.
[  OK  ] Started udev Kernel Device Manager.
[  OK  ] Started Network Time Synchronization.
[  OK  ] Started udev Coldplug all Devices.
[  OK  ] Reached target System Time Set.
[  OK  ] Reached target System Time Synchronized.
[    6.194080] random: systemd: uninitialized urandom read (16 bytes read)
[    6.444103] random: systemd: uninitialized urandom read (16 bytes read)
[    6.455701] random: systemd: uninitialized urandom read (16 bytes read)
[    6.659468] random: crng init done
[    6.662890] random: 74 urandom warning(s) missed due to ratelimiting
[  OK  ] Started Load/Save Random Seed.
[    6.827270] mali 11840000.gpu: Kernel DDK version r45p0-01eac0
[    6.837453] mali 11840000.gpu: Register LUT 00070000 initialized for GPU arch 0x00070009
[    6.865438] mali 11840000.gpu: GPU identified as 0x3 arch 7.0.9 r0p0 status 0
[  OK  ] Reached target Hardware activated USB gadget.
[    6.895712] mali 11840000.gpu: No priority control manager is configured
[    6.903864] mali 11840000.gpu: No memory group manager is configured
[    6.929240] mali 11840000.gpu: Probed as mali0
[  OK  ] Listening on Load/Save RF itch Status /dev/rfkill Watch.
[*     ] A start job is running for Load Kernel Modules (8s / 1min 30s)
[   12.909392] ar0234 5-0042: ISP Already Initialized !! 
[   12.914552]  INIT ISP Success 
[**    ] A start job is running for Load Kernel Modules (9s / 1min 30s)
[   13.232444] 0. Initialized Control 0x00980900 - Brightness 
[   13.238043] 1. Initialized Control 0x00980901 - Contrast 
[   13.243451] 2. Initialized Control 0x00980902 - Saturation 
[   13.249056] 3. Initialized Control 0x0098090c - White Balance, Automatic 
[   13.255844] 4. Initialized Control 0x00980910 - Gamma 
[   13.260996] 5. Initialized Control 0x0098091a - White Balance Temperature 
[   13.267879] 6. Initialized Control 0x0098091b - Sharpness 
[   13.273372] 7. Initialized Control 0x00980913 - Gain 
[   13.301840] 8. Initialized Custom Ctrl 0x009a0901 - Exposure Auto 
[   13.308032] 9. Initialized Control 0x009a0902 - Exposure Time, Absolute 
[   13.331795] 10. Initialized Custom Ctrl 0x009a092d - Denoise 
[   13.337554] 11. Initialized Control 0x00980914 - Horizontal Flip 
[   13.343643] 12. Initialized Control 0x00980915 - Vertical Flip 
[   13.365961] 13. Initialized Custom Ctrl 0x009a0926 - ROI Exposure 
[   13.388189] 14. Initialized Custom Ctrl 0x009a0924 - ROI Window Size 
[   13.410484] 15. Initialized Custom Ctrl 0x009a0931 - Exposure Compensation 
[   13.442233] 16. Initialized Custom Ctrl 0x009a092a - Frame Sync 
[   13.448276] DEBUG:  ar0234_s_power
[   13.480432] DEBUG:  ar0234_s_power
[   13.483879] ar0234 5-0042: Consider updating driver ar0234 to match on endpoints
[   13.492000] rzg2l-cru 10830000.video: Device registered as video0
[   13.503526] DEBUG:  ar0234_entity_init_cfg
[   13.508112] Index = 0x0001 , format = 0x59565955, width = 1920, height = 1080, frate num = 70 
[   13.516883] DEBUG:  ar0234_entity_init_cfg
[***   ] A start job is running for Load Kernel Modules (9s / 1min 30s)
[   13.976714] Ar0234 probed successfully
[   13.994103] rgnmm_drv mmngr: assigned reserved memory node linux,multimedia
[ ***  ] A start job is running for Load Kernel Modules (10s / 1min 30s)
[  OK  ] Started Load Kernel Modules.
         Mounting Kernel Configuration File System...
         Starting Apply Kernel Variables...
[  OK  ] Mounted Kernel Configuration File System.
[  OK  ] Started Apply Kernel Variables.
[  OK  ] Reached target System Initialization.
[  OK  ] Started Daily Cleanup of Temporary Directories.
[  OK  ] Reached target Timers.
[  OK  ] Listening on Avahi mDNS/DNS-SD Stack Activation Socket.
[  OK  ] Listening on D-Bus System Message Bus Socket.
[  OK  ] Listening on dropbear.socket.
[  OK  ] Reached target Sockets.
[  OK  ] Reached target Basic System.
[  OK  ] Started Kernel Logging Service.
[  OK  ] Started System Logging Service.
[  OK  ] Started D-Bus System Message Bus.
         Starting IPv6 Packet Filtering Framework...
         Starting IPv4 Packet Filtering Framework...
         Starting Telephony service...
[  OK  ] Started optee services.
         Starting Login Service...
[  OK  ] Started VIN initializing setting.
[  OK  ] Started IPv6 Packet Filtering Framework.
[  OK  ] Started IPv4 Packet Filtering Framework.
[  OK  ] Reached target Network (Pre).
         Starting Connection service...
         Starting Network Service...
[  OK  ] Started Telephony service.
[  OK  ] Started Login Service.
[  OK  ] Started Network Service.
[  OK  ] Started Connection service.
[  OK  ] Reached target Network.
         Starting Avahi mDNS/DNS-SD Stack...
         Starting Permit User Sessions...
         Starting Target Communication Framework agent...
[  OK  ] Started Permit User Sessions.
[  OK  ] Started Getty on tty1.
[  OK  ] Started Serial Getty on ttySC0.
[  OK  ] Reached target Login Prompts.
[  OK  ] Started Avahi mDNS/DNS-SD Stack.
[  OK  ] Started Target Communication Framework agent.
[  OK  ] Reached target Multi-User System.
         Starting Hostname Service...
         Starting Update UTMP about System Runlevel Changes...
         Starting watchdog daemon...
         Starting WPA supplicant...
[  OK  ] Started Update UTMP about System Runlevel Changes.
[  OK  ] Started watchdog daemon.
[  OK  ] Started Hostname Service.
[  OK  ] Started WPA supplicant.

Poky (Yocto Project Reference Distro) 3.1.26 smarc-rzv2l ttySC0

BSP: RZV2L/RZV2L-SMARC-EVK/3.0.5-update3
LSI: RZV2L
Version: 3.0.5-update3
smarc-rzv2l login: root
[   19.631691] audit: type=1006 audit(1716451043.989:2): pid=267 uid=0 old-auid=4294967295 auid=0 tty=(none) old-ses=4294967295 ses=1 res=1
amixer: Control default open error: No such file or directory

amixer: Control default open error: No such file or directory

amixer: Control default open error: No such file or directory

amixer: Control default open error: No such file or directory

amixer: Control default open error: No such file or directory

root@smarc-rzv2l:~# ls
gstreamer_cam_test.sh  output.mp4  v4l2-init.sh
root@smarc-rzv2l:~# cd    ./gstreamer_cam_test.sh 1080x720
1080x720
[   37.489261] DEBUG:  ar0234_entity_init_cfg
[   37.493471] DEBUG:  ar0234_set_format
[   37.499470] DEBUG:  ar0234_s_ctrl
[   37.502797] DEBUG: ctrl->id = 0x9f0902 , ctrl->val = 1 
[   37.508936] DEBUG:  ar0234_s_ctrl
[   37.512346] DEBUG: ctrl->id = 0x9f0901 , ctrl->val = 2 
[   37.517625] Index = 0x0000 , format = 0x59565955, width = 1280, height = 720, frate num = 120 
Link CRU/CSI2 to ar0234 0-0042 with format UYVY8_2X8 and resolution 1080x720
root@smarc-rzv2l:~# 
root@smarc-rzv2l:~# cd ..
root@smarc-rzv2l:/home# ls
21May2024Demo_Images  edgeimp  edgeimp1  root  rpmsg_sample_client  videostream  videostream1
root@smarc-rzv2l:/home# 
root@smarc-rzv2l:/home# cd 21May2024Demo_Images/
root@smarc-rzv2l:/home/21May2024Demo_Images# ls
ble.shbleproxy      esp32_spi_old.ko   pyGattServer    rpmsg_sample_client_1      rpmsg_sample_client_21May  wifi.sh
bleGattServercloud      open.conf   python code   rpmsg_sample_client_11     rpmsg_sample_client_proxy  wifible1.sh
bleGattServer1esp32_spi.ko  processed_files.inc  received_files  rpmsg_sample_client_17May  upload
root@smarc-rzv2l:/home/21May2024Demo_Images# insmod esp32_spi.ko resetpin=233
[   65.616000] esp32_spi: spi_dev_init: ESP32 peripheral is registered to SPI bus [0],chip select [0], SPI Clock [1]
root@smarc-rzv2l:/home/21May2024Demo_Images# [   67.080864] esp32_spi: process_esp_bootup_event: Received ESP bootup event
[   67.087787] esp32_spi: process_event_esp_bootup: Bootup Event tag: 3
[   67.096008] esp32_spi: esp_validate_chipset: Chipset=ESP32-C3 ID=05 detected over SPI
[   67.103881] esp32_spi: process_event_esp_bootup: Bootup Event tag: 2
[   67.110310] esp32_spi: adjust_spi_clock: ESP Reconfigure SPI CLK to 30 MHz
[   67.117222] esp32_spi: process_event_esp_bootup: Bootup Event tag: 0
[   67.123661] esp32_spi: process_event_esp_bootup: Bootup Event tag: 1
[   67.130037] esp32_spi: process_fw_data: ESP chipset's last reset cause:
[   67.136692] esp32_spi: print_reset_reason: POWERON_RESET
[   67.142031] esp32_spi: check_esp_version: ESP Firmware version: 1.0.3
[   67.149001] esp32_spi: esp_reg_notifier: Driver init is ongoing
[   67.431477] esp32_spi: init_bt: ESP Bluetooth init
[   67.436723] esp32_spi: print_capabilities: Capabilities: 0xe8. Features supported are:
[   67.444968] esp32_spi: print_capabilities:  * WLAN on SPI
[   67.450632] esp32_spi: print_capabilities:  * BT/BLE
[   67.455746] esp32_spi: print_capabilities:    - HCI over SPI
[   67.461845] esp32_spi: print_capabilities:    - BLE only

root@smarc-rzv2l:/home/21May2024Demo_Images# l ./wifi.sh         vi wifi.sh 
#!/bin/bash# Function to set up Wi-Fisetup_wifi() {# Create Wi-Fi configuration fileecho "Creating Wi-Fi configuration..."cat > open.conf <<EOFnetwork={ssid="ultras23"key_mgmt=WPA-PSKpsk="nestle123"}EOFecho "Wi-Fi configuration created."# Unblock Wi-Fi and set up Wi-Fi connectionecho "Unblocking Wi-Fi..."rfkill unblock wifi# Stop any existing Wi-Fi processecho "Stopping existing Wi-Fi processes..."killall wpa_supplicant# Start wpa_supplicant with the configuration fileecho "Starting wpa_supplicant..."wpa_supplicant -D nl80211 -i espsta0 -c open.conf &# Obtain IP address with DHCPecho "Requesting IP address..."/sbin/udhcpc -i espsta0 &echo "Wi-Fi configuration completed."}# Main script executionecho "Starting Wi-Fi setup..."setup_wifiecho "Wi-Fi setup completed."~~~~~~~~~~~~~~~~~~~~~~~- wifi.sh 1/42 2%- wifi.sh 2/42 4%- wifi.sh 3/42 7%- wifi.sh 4/42 9%- wifi.sh 5/42 11%- wifi.sh 6/42 14%- wifi.sh 7/42 16%- wifi.sh 8/42 19%- wifi.sh 9/42 21%- wifi.sh 9/42 21%I wifi.sh 9/42 21%ltras23" I wifi.sh [Modified] 9/42 21%tras23" ras23" as23" s23" 23" 3" " s"2"3"I wifi.sh [Modified] 10/42 23%I wifi.sh [Modified] 11/42 26%I wifi.sh [Modified] 10/42 23%I wifi.sh [Modified] 9/42 21%23" S23"I wifi.sh [Modified] 10/42 23%I wifi.sh [Modified] 11/42 26%I wifi.sh [Modified] 12/42 28%I wifi.sh [Modified] 11/42 26%estle123" stle123" tle123" le123" e123" 123" 23" 3" " R"a"g"h"u"l"0"0"7"- wifi.sh [Modified] 11/42 26%- wifi.sh [Modified] 11/42 26%- wifi.sh [Modified] 11/42 26%:w!'wifi.sh' 42L, 855C- wifi.sh 11/42 26%- wifi.sh 10/42 23%- wifi.sh 9/42 21%- wifi.sh 8/42 19%- wifi.sh 9/42 21%:q- wifi.sh 9/42 21%root@smarc-rzv2l:/home/21May2024Demo_Images# ./wifi.dh  sh
Starting Wi-Fi setup...
Creating Wi-Fi configuration...
Wi-Fi configuration created.
Unblocking Wi-Fi...
Stopping existing Wi-Fi processes...
Starting wpa_supplicant...
Requesting IP address...
Wi-Fi configuration completed.
Wi-Fi setup completed.
udhcpc: started, v1.30.1
Successfully initialized wpa_supplicant
root@smarc-rzv2l:/home/21May2024Demo_Images# udhcpc: sending discover
udhcpc: sending discover
udhcpc: sending discover
udhcpc: sending discover
udhcpc: sending discover
udhcpc: sending discover

root@smarc-rzv2l:/home/21May2024Demo_Images# ./wifi.sh
Starting Wi-Fi setup...
Creating Wi-Fi configuration...
Wi-Fi configuration created.
Unblocking Wi-Fi...
Stopping existing Wi-Fi processes...
Starting wpa_supplicant...
Requesting IP address...
Wi-Fi configuration completed.
Wi-Fi setup completed.
udhcpc: started, v1.30.1
root@smarc-rzv2l:/home/21May2024Demo_Images# Successfully initialized wpa_supplicant
nl80211: deinit ifname=espsta0 disabled_11b_rates=0
espsta0: CTRL-EVENT-TERMINATING 
udhcpc: sending discover
espsta0: CTRL-EVENT-SCAN-FAILED ret=-16 retry=1
udhcpc: sending discover
udhcpc: sending discover
udhcpc: sending discover
udhcpc: sending discover
udhcpc: sending discover

root@smarc-rzv2l:/home/21May2024Demo_Images# udhcpc: sending discover
udhcpc: sending discover
udhcpc: sending discover
udhcpc: sending discover
udhcpc: sending discover

root@smarc-rzv2l:/home/21May2024Demo_Images# udhcpc: sending discover
./wifi.sh
Starting Wi-Fi setup...
Creating Wi-Fi configuration...
Wi-Fi configuration created.
Unblocking Wi-Fi...
Stopping existing Wi-Fi processes...
Starting wpa_supplicant...
Requesting IP address...
Wi-Fi configuration completed.
Wi-Fi setup completed.
udhcpc: started, v1.30.1
nl80211: deinit ifname=espsta0 disabled_11b_rates=0
root@smarc-rzv2l:/home/21May2024Demo_Images# Successfully initialized wpa_supplicant
espsta0: CTRL-EVENT-TERMINATING 
udhcpc: sending discover
espsta0: CTRL-EVENT-SCAN-FAILED ret=-16 retry=1
udhcpc: sending discover
udhcpc: sending discover

root@smarc-rzv2l:/home/21May2024Demo_Images# ls
ble.shbleproxy      esp32_spi_old.ko   pyGattServer    rpmsg_sample_client_1      rpmsg_sample_client_21May  wifi.sh
bleGattServercloud      open.conf   python code   rpmsg_sample_client_11     rpmsg_sample_client_proxy  wifible1.sh
bleGattServer1esp32_spi.ko  processed_files.inc  received_files  rpmsg_sample_client_17May  upload
root@smarc-rzv2l:/home/21May2024Demo_Images# vi wiudhcpc: sending discover
fi.sh udhcpc: sending discover

#!/bin/bash# Function to set up Wi-Fisetup_wifi() {# Create Wi-Fi configuration fileecho "Creating Wi-Fi configuration..."cat > open.conf <<EOFnetwork={ssid="S23"key_mgmt=WPA-PSKpsk="Raghul007"}EOFecho "Wi-Fi configuration created."# Unblock Wi-Fi and set up Wi-Fi connectionecho "Unblocking Wi-Fi..."rfkill unblock wifi# Stop any existing Wi-Fi processecho "Stopping existing Wi-Fi processes..."killall wpa_supplicant# Start wpa_supplicant with the configuration fileecho "Starting wpa_supplicant..."wpa_supplicant -D nl80211 -i espsta0 -c open.conf &# Obtain IP address with DHCPecho "Requesting IP address..."/sbin/udhcpc -i espsta0 &echo "Wi-Fi configuration completed."}# Main script executionecho "Starting Wi-Fi setup..."setup_wifiecho "Wi-Fi setup completed."~~~~~~~~~~~~~~~~~~~~~~~- wifi.sh 1/42 2%udhcpc: sending discover
udhcpc: sending discover
udhcpc: sending discover
udhcpc: sending discover
:q- wifi.sh 1/42 2%root@smarc-rzv2l:/home/21May2024Demo_Images# udhcpc: sending discover

root@smarc-rzv2l:/home/21May2024Demo_Images# 
root@smarc-rzv2l:/home/21May2024Demo_Images# 
root@smarc-rzv2l:/home/21May2024Demo_Images# udhcpc: sending discover

root@smarc-rzv2l:/home/21May2024Demo_Images# udhcpc: sending discover

root@smarc-rzv2l:/home/21May2024Demo_Images# top
Mem: 245952K used, 615336K free, 18036K shrd, 5144K buff, 54876K cached
CPU:   0% usr   4% sys   0% nic  95% idle   0% io   0% irq   0% sirq
Load average: 0.12 0.09 0.04 1/113 378
  PID  PPID USER     STAT   VSZ %VSZ %CPU COMMAND
  378   273 root     R     3204   0%   5% top
    1     0 root     S    92112  11%   0% {systemd} /sbin/init
  204     1 systemd- S    81156   9%   0% /lib/systemd/systemd-timesyncd
  189     1 root     S    33692   4%   0% /lib/systemd/systemd-journald
  255     1 root     S    31232   4%   0% /usr/sbin/tcf-agent -d -L- -l0
  201     1 root     S    13500   2%   0% /lib/systemd/systemd-udevd
  268   267 root     S    11532   1%   0% (sd-pam)
  359     1 root     S    11316   1%   0% wpa_supplicant -D nl80211 -i espsta0 -c open.conf
  267     1 root     S     9684   1%   0% /lib/systemd/systemd --user
  240     1 root     S     9260   1%   0% /usr/sbin/ofonod -n
  246     1 systemd- S     7692   1%   0% /lib/systemd/systemd-networkd
  325     1 systemd- S     7224   1%   0% /lib/systemd/systemd-resolved
  244     1 root     S     7088   1%   0% /lib/systemd/systemd-logind
  310     1 root     S     6952   1%   0% /usr/libexec/bluetooth/bluetoothd
  251     1 root     S     5032   1%   0% /sbin/agetty -o -p -- \u --noclear tty1 linux
  247     1 avahi    S     4876   1%   0% avahi-daemon: running [smarc-rzv2l.local]
  250   247 avahi    S     4744   1%   0% avahi-daemon: chroot helper
  252     1 root     S     4572   1%   0% /bin/login --
  237     1 messageb S     4544   1%   0% /usr/bin/dbus-daemon --system --address=systemd: --nofork --nopidfile --systemd-activation --syslog-only
  188     1 rpc      S     3704   0%   0% /usr/sbin/rpcbind -w -f
  273   252 root     S     3360   0%   0% -sh
  235     1 root     S     3204   0%   0% /sbin/klogd -n
  321     1 root     S     3204   0%   0% /sbin/udhcpc -i espsta0
  236     1 root     S     3204   0%   0% /sbin/syslogd -n
  339     1 root     S     3204   0%   0% /sbin/udhcpc -i espsta0
  360     1 root     S     3204   0%   0% /sbin/udhcpc -i espsta0
  265     1 root     S     1984   0%   0% /usr/sbin/watchdog
  121     2 root     IW       0   0%   0% [kworker/1:2-eve]
   65     2 root     IW<      0   0%   0% [kworker/0:1H-mm]
   22     2 root     IW       0   0%   0% [kworker/0:1-eve]
  122     2 root     IW<      0   0%   0% [kworker/1:1H-kb]
   10     2 root     SW       0   0%   0% [ksoftirqd/0]
    7     2 root     IW       0   0%   0% [kworker/u4:0-ev]
   16     2 root     SW       0   0%   0% [ksoftirqd/1]
  161     2 root     IW       0   0%   0% [kworker/0:10-ev]
   11     2 root     IW       0   0%   0% [rcu_preempt]
  117     2 root     IW       0   0%   0% [kworker/0:2-eve]
  146     2 root     IW       0   0%   0% [kworker/1:21-ev]
  151     2 root     IW       0   0%   0% [kworker/u4:2-ev]
    2     0 root     SW       0   0%   0% [kthreadd]
   19     2 root     SW       0   0%   0% [kdevtmpfs]
   23     2 root     SW       0   0%   0% [kauditd]
   64     2 root     IW       0   0%   0% [kworker/u4:1-ev]
    3     2 root     IW<      0   0%   0% [rcu_gp]
    4     2 root     IW<      0   0%   0% [rcu_par_gp]
    6     2 root     IW<      0   0%   0% [kworker/0:0H-mm]
    8     2 root     IW<      0   0%   0% [mm_percpu_wq]
    9     2 root     SW       0   0%   0% [rcu_tasks_kthre]
   12     2 root     SW       0   0%   0% [migration/0]
   13     2 root     SW       0   0%   0% [cpuhp/0]
   14     2 root     SW       0   0%   0% [cpuhp/1]
   15     2 root     SW       0   0%   0% [migration/1]
   20     2 root     IW<      0   0%   0% [netns]
   21     2 root     IW       0   0%   0% [kworker/1:1-eve]
   24     2 root     SW       0   0%   0% [oom_reaper]
   25     2 root     IW<      0   0%   0% [writeback]
   26     2 root     SW       0   0%   0% [kcompactd0]
   27     2 root     SWN      0   0%   0% [ksmd]
   28     2 root     SWN      0   0%   0% [khugepaged]
   41     2 root     IW<      0   0%   0% [cryptd]
   57     2 root     IW<      0   0%   0% [kintegrityd]
   58     2 root     IW<      0   0%   0% [kblockd]udhcpc: sending discover
Mem: 245952K used, 615336K free, 18036K shrd, 5144K buff, 54876K cached
CPU:   0% usr   0% sys   0% nic  99% idle   0% io   0% irq   0% sirq
Load average: 0.11 0.09 0.04 1/113 378
  PID  PPID USER     STAT   VSZ %VSZ %CPU COMMAND
  378   273 root     R     3304   0%   0% top
    1     0 root     S    92112  11%   0% {systemd} /sbin/init
  204     1 systemd- S    81156   9%   0% /lib/systemd/systemd-timesyncd
  189     1 root     S    33692   4%   0% /lib/systemd/systemd-journald
  255     1 root     S    31232   4%   0% /usr/sbin/tcf-agent -d -L- -l0
  201     1 root     S    13500   2%   0% /lib/systemd/systemd-udevd
  268   267 root     S    11532   1%   0% (sd-pam)
  359     1 root     S    11316   1%   0% wpa_supplicant -D nl80211 -i espsta0 -c open.conf
  267     1 root     S     9684   1%   0% /lib/systemd/systemd --user
  240     1 root     S     9260   1%   0% /usr/sbin/ofonod -n
  246     1 systemd- S     7692   1%   0% /lib/systemd/systemd-networkd
  325     1 systemd- S     7224   1%   0% /lib/systemd/systemd-resolved
  244     1 root     S     7088   1%   0% /lib/systemd/systemd-logind
  310     1 root     S     6952   1%   0% /usr/libexec/bluetooth/bluetoothd
  251     1 root     S     5032   1%   0% /sbin/agetty -o -p -- \u --noclear tty1 linux
  247     1 avahi    S     4876   1%   0% avahi-daemon: running [smarc-rzv2l.local]
  250   247 avahi    S     4744   1%   0% avahi-daemon: chroot helper
  252     1 root     S     4572   1%   0% /bin/login --
  237     1 messageb S     4544   1%   0% /usr/bin/dbus-daemon --system --address=systemd: --nofork --nopidfile --systemd-activation --syslog-only
  188     1 rpc      S     3704   0%   0% /usr/sbin/rpcbind -w -f
  273   252 root     S     3360   0%   0% -sh
  235     1 root     S     3204   0%   0% /sbin/klogd -n
  321     1 root     S     3204   0%   0% /sbin/udhcpc -i espsta0
  236     1 root     S     3204   0%   0% /sbin/syslogd -n
  339     1 root     S     3204   0%   0% /sbin/udhcpc -i espsta0
  360     1 root     S     3204   0%   0% /sbin/udhcpc -i espsta0
  265     1 root     S     1984   0%   0% /usr/sbin/watchdog
  121     2 root     IW       0   0%   0% [kworker/1:2-eve]
   65     2 root     IW<      0   0%   0% [kworker/0:1H-mm]
   22     2 root     IW       0   0%   0% [kworker/0:1-eve]
  122     2 root     IW<      0   0%   0% [kworker/1:1H-kb]
   10     2 root     SW       0   0%   0% [ksoftirqd/0]
    7     2 root     IW       0   0%   0% [kworker/u4:0-ev]
   16     2 root     SW       0   0%   0% [ksoftirqd/1]
  161     2 root     IW       0   0%   0% [kworker/0:10-ev]
   11     2 root     IW       0   0%   0% [rcu_preempt]
  117     2 root     IW       0   0%   0% [kworker/0:2-eve]
  146     2 root     IW       0   0%   0% [kworker/1:21-ev]
  151     2 root     IW       0   0%   0% [kworker/u4:2-ev]
    2     0 root     SW       0   0%   0% [kthreadd]
   19     2 root     SW       0   0%   0% [kdevtmpfs]
   23     2 root     SW       0   0%   0% [kauditd]
   64     2 root     IW       0   0%   0% [kworker/u4:1-ev]
    3     2 root     IW<      0   0%   0% [rcu_gp]
    4     2 root     IW<      0   0%   0% [rcu_par_gp]
    6     2 root     IW<      0   0%   0% [kworker/0:0H-mm]
    8     2 root     IW<      0   0%   0% [mm_percpu_wq]
    9     2 root     SW       0   0%   0% [rcu_tasks_kthre]
   12     2 root     SW       0   0%   0% [migration/0]
   13     2 root     SW       0   0%   0% [cpuhp/0]
   14     2 root     SW       0   0%   0% [cpuhp/1]
   15     2 root     SW       0   0%   0% [migration/1]
   20     2 root     IW<      0   0%   0% [netns]
   21     2 root     IW       0   0%   0% [kworker/1:1-eve]
   24     2 root     SW       0   0%   0% [oom_reaper]
   25     2 root     IW<      0   0%   0% [writeback]
   26     2 root     SW       0   0%   0% [kcompactd0]
   27     2 root     SWN      0   0%   0% [ksmd]
   28     2 root     SWN      0   0%   0% [khugepaged]
   41     2 root     IW<      0   0%   0% [cryptd]
   57     2 root     IW<      0   0%   0% [kintegrityd]
   58     2 root     IW<      0   0%   0% [kblockd]udhcpc: sending discover
udhcpc: sending discover
udhcpc: sending discover
Mem: 245952K used, 615336K free, 18036K shrd, 5144K buff, 54876K cached
CPU:   0% usr   0% sys   0% nic  99% idle   0% io   0% irq   0% sirq
Load average: 0.10 0.09 0.04 1/113 378
  PID  PPID USER     STAT   VSZ %VSZ %CPU COMMAND
  378   273 root     R     3304   0%   0% top
    1     0 root     S    92112  11%   0% {systemd} /sbin/init
  204     1 systemd- S    81156   9%   0% /lib/systemd/systemd-timesyncd
  189     1 root     S    33692   4%   0% /lib/systemd/systemd-journald
  255     1 root     S    31232   4%   0% /usr/sbin/tcf-agent -d -L- -l0
  201     1 root     S    13500   2%   0% /lib/systemd/systemd-udevd
  268   267 root     S    11532   1%   0% (sd-pam)
  359     1 root     S    11316   1%   0% wpa_supplicant -D nl80211 -i espsta0 -c open.conf
  267     1 root     S     9684   1%   0% /lib/systemd/systemd --user
  240     1 root     S     9260   1%   0% /usr/sbin/ofonod -n
  246     1 systemd- S     7692   1%   0% /lib/systemd/systemd-networkd
  325     1 systemd- S     7224   1%   0% /lib/systemd/systemd-resolved
  244     1 root     S     7088   1%   0% /lib/systemd/systemd-logind
  310     1 root     S     6952   1%   0% /usr/libexec/bluetooth/bluetoothd
  251     1 root     S     5032   1%   0% /sbin/agetty -o -p -- \u --noclear tty1 linux
  247     1 avahi    S     4876   1%   0% avahi-daemon: running [smarc-rzv2l.local]
  250   247 avahi    S     4744   1%   0% avahi-daemon: chroot helper
  252     1 root     S     4572   1%   0% /bin/login --
  237     1 messageb S     4544   1%   0% /usr/bin/dbus-daemon --system --address=systemd: --nofork --nopidfile --systemd-activation --syslog-only
  188     1 rpc      S     3704   0%   0% /usr/sbin/rpcbind -w -f
  273   252 root     S     3360   0%   0% -sh
  235     1 root     S     3204   0%   0% /sbin/klogd -n
  321     1 root     S     3204   0%   0% /sbin/udhcpc -i espsta0
  236     1 root     S     3204   0%   0% /sbin/syslogd -n
  339     1 root     S     3204   0%   0% /sbin/udhcpc -i espsta0
  360     1 root     S     3204   0%   0% /sbin/udhcpc -i espsta0
  265     1 root     S     1984   0%   0% /usr/sbin/watchdog
  121     2 root     IW       0   0%   0% [kworker/1:2-eve]
   65     2 root     IW<      0   0%   0% [kworker/0:1H-mm]
   22     2 root     IW       0   0%   0% [kworker/0:1-eve]
  122     2 root     IW<      0   0%   0% [kworker/1:1H-kb]
   10     2 root     SW       0   0%   0% [ksoftirqd/0]
    7     2 root     IW       0   0%   0% [kworker/u4:0-ev]
   16     2 root     SW       0   0%   0% [ksoftirqd/1]
  161     2 root     IW       0   0%   0% [kworker/0:10-ev]
   11     2 root     IW       0   0%   0% [rcu_preempt]
  117     2 root     IW       0   0%   0% [kworker/0:2-eve]
  146     2 root     IW       0   0%   0% [kworker/1:21-ev]
  151     2 root     IW       0   0%   0% [kworker/u4:2-ev]
    2     0 root     SW       0   0%   0% [kthreadd]
   19     2 root     SW       0   0%   0% [kdevtmpfs]
   23     2 root     SW       0   0%   0% [kauditd]
   64     2 root     IW       0   0%   0% [kworker/u4:1-cf]
    3     2 root     IW<      0   0%   0% [rcu_gp]
    4     2 root     IW<      0   0%   0% [rcu_par_gp]
    6     2 root     IW<      0   0%   0% [kworker/0:0H-mm]
    8     2 root     IW<      0   0%   0% [mm_percpu_wq]
    9     2 root     SW       0   0%   0% [rcu_tasks_kthre]
   12     2 root     SW       0   0%   0% [migration/0]
   13     2 root     SW       0   0%   0% [cpuhp/0]
   14     2 root     SW       0   0%   0% [cpuhp/1]
   15     2 root     SW       0   0%   0% [migration/1]
   20     2 root     IW<      0   0%   0% [netns]
   21     2 root     IW       0   0%   0% [kworker/1:1-eve]
   24     2 root     SW       0   0%   0% [oom_reaper]
   25     2 root     IW<      0   0%   0% [writeback]
   26     2 root     SW       0   0%   0% [kcompactd0]
   27     2 root     SWN      0   0%   0% [ksmd]
   28     2 root     SWN      0   0%   0% [khugepaged]
   41     2 root     IW<      0   0%   0% [cryptd]
   57     2 root     IW<      0   0%   0% [kintegrityd]
   58     2 root     IW<      0   0%   0% [kblockd]udhcpc: sending discover
udhcpc: sending discover
Mem: 246076K used, 615212K free, 18036K shrd, 5144K buff, 54876K cached
CPU:   0% usr   0% sys   0% nic  99% idle   0% io   0% irq   0% sirq
Load average: 0.10 0.09 0.04 1/113 380
  PID  PPID USER     STAT   VSZ %VSZ %CPU COMMAND
  378   273 root     R     3304   0%   0% top
    1     0 root     S    92112  11%   0% {systemd} /sbin/init
  204     1 systemd- S    81156   9%   0% /lib/systemd/systemd-timesyncd
  189     1 root     S    33692   4%   0% /lib/systemd/systemd-journald
  255     1 root     S    31232   4%   0% /usr/sbin/tcf-agent -d -L- -l0
  201     1 root     S    13500   2%   0% /lib/systemd/systemd-udevd
  268   267 root     S    11532   1%   0% (sd-pam)
  359     1 root     S    11316   1%   0% wpa_supplicant -D nl80211 -i espsta0 -c open.conf
  267     1 root     S     9684   1%   0% /lib/systemd/systemd --user
  240     1 root     S     9260   1%   0% /usr/sbin/ofonod -n
  246     1 systemd- S     7692   1%   0% /lib/systemd/systemd-networkd
  325     1 systemd- S     7224   1%   0% /lib/systemd/systemd-resolved
  244     1 root     S     7088   1%   0% /lib/systemd/systemd-logind
  310     1 root     S     6952   1%   0% /usr/libexec/bluetooth/bluetoothd
  251     1 root     S     5032   1%   0% /sbin/agetty -o -p -- \u --noclear tty1 linux
  247     1 avahi    S     4876   1%   0% avahi-daemon: running [smarc-rzv2l.local]
  250   247 avahi    S     4744   1%   0% avahi-daemon: chroot helper
  252     1 root     S     4572   1%   0% /bin/login --
  237     1 messageb S     4544   1%   0% /usr/bin/dbus-daemon --system --address=systemd: --nofork --nopidfile --systemd-activation --syslog-only
  188     1 rpc      S     3704   0%   0% /usr/sbin/rpcbind -w -f
  273   252 root     S     3360   0%   0% -sh
  235     1 root     S     3204   0%   0% /sbin/klogd -n
  321     1 root     S     3204   0%   0% /sbin/udhcpc -i espsta0
  236     1 root     S     3204   0%   0% /sbin/syslogd -n
  339     1 root     S     3204   0%   0% /sbin/udhcpc -i espsta0
  360     1 root     S     3204   0%   0% /sbin/udhcpc -i espsta0
  265     1 root     S     1984   0%   0% /usr/sbin/watchdog
  121     2 root     IW       0   0%   0% [kworker/1:2-eve]
   65     2 root     IW<      0   0%   0% [kworker/0:1H-mm]
   22     2 root     IW       0   0%   0% [kworker/0:1-eve]
  122     2 root     IW<      0   0%   0% [kworker/1:1H-kb]
   10     2 root     SW       0   0%   0% [ksoftirqd/0]
    7     2 root     IW       0   0%   0% [kworker/u4:0-ev]
   16     2 root     SW       0   0%   0% [ksoftirqd/1]
  161     2 root     IW       0   0%   0% [kworker/0:10-ev]
   11     2 root     IW       0   0%   0% [rcu_preempt]
  117     2 root     IW       0   0%   0% [kworker/0:2-eve]
  146     2 root     IW       0   0%   0% [kworker/1:21-ev]
  151     2 root     IW       0   0%   0% [kworker/u4:2-ev]
    2     0 root     SW       0   0%   0% [kthreadd]
   19     2 root     SW       0   0%   0% [kdevtmpfs]
   23     2 root     SW       0   0%   0% [kauditd]
   64     2 root     IW       0   0%   0% [kworker/u4:1-ev]
    3     2 root     IW<      0   0%   0% [rcu_gp]
    4     2 root     IW<      0   0%   0% [rcu_par_gp]
    6     2 root     IW<      0   0%   0% [kworker/0:0H-mm]
    8     2 root     IW<      0   0%   0% [mm_percpu_wq]
    9     2 root     SW       0   0%   0% [rcu_tasks_kthre]
   12     2 root     SW       0   0%   0% [migration/0]
   13     2 root     SW       0   0%   0% [cpuhp/0]
   14     2 root     SW       0   0%   0% [cpuhp/1]
   15     2 root     SW       0   0%   0% [migration/1]
   20     2 root     IW<      0   0%   0% [netns]
   21     2 root     IW       0   0%   0% [kworker/1:1-eve]
   24     2 root     SW       0   0%   0% [oom_reaper]
   25     2 root     IW<      0   0%   0% [writeback]
   26     2 root     SW       0   0%   0% [kcompactd0]
   27     2 root     SWN      0   0%   0% [ksmd]
   28     2 root     SWN      0   0%   0% [khugepaged]
   41     2 root     IW<      0   0%   0% [cryptd]
   57     2 root     IW<      0   0%   0% [kintegrityd]
   58     2 root     IW<      0   0%   0% [kblockd]udhcpc: sending discover
udhcpc: sending discover
Mem: 246076K used, 615212K free, 18036K shrd, 5144K buff, 54876K cached
CPU:   0% usr   0% sys   0% nic  99% idle   0% io   0% irq   0% sirq
Load average: 0.09 0.08 0.04 1/111 382
  PID  PPID USER     STAT   VSZ %VSZ %CPU COMMAND
  378   273 root     R     3304   0%   0% top
  265     1 root     S     1984   0%   0% /usr/sbin/watchdog
    1     0 root     S    92112  11%   0% {systemd} /sbin/init
  204     1 systemd- S    81156   9%   0% /lib/systemd/systemd-timesyncd
  189     1 root     S    33692   4%   0% /lib/systemd/systemd-journald
  255     1 root     S    31232   4%   0% /usr/sbin/tcf-agent -d -L- -l0
  201     1 root     S    13500   2%   0% /lib/systemd/systemd-udevd
  268   267 root     S    11532   1%   0% (sd-pam)
  359     1 root     S    11316   1%   0% wpa_supplicant -D nl80211 -i espsta0 -c open.conf
  267     1 root     S     9684   1%   0% /lib/systemd/systemd --user
  240     1 root     S     9260   1%   0% /usr/sbin/ofonod -n
  246     1 systemd- S     7692   1%   0% /lib/systemd/systemd-networkd
  325     1 systemd- S     7224   1%   0% /lib/systemd/systemd-resolved
  244     1 root     S     7088   1%   0% /lib/systemd/systemd-logind
  310     1 root     S     6952   1%   0% /usr/libexec/bluetooth/bluetoothd
  251     1 root     S     5032   1%   0% /sbin/agetty -o -p -- \u --noclear tty1 linux
  247     1 avahi    S     4876   1%   0% avahi-daemon: running [smarc-rzv2l.local]
  250   247 avahi    S     4744   1%   0% avahi-daemon: chroot helper
  252     1 root     S     4572   1%   0% /bin/login --
  237     1 messageb S     4544   1%   0% /usr/bin/dbus-daemon --system --address=systemd: --nofork --nopidfile --systemd-activation --syslog-only
  188     1 rpc      S     3704   0%   0% /usr/sbin/rpcbind -w -f
  273   252 root     S     3360   0%   0% -sh
  235     1 root     S     3204   0%   0% /sbin/klogd -n
  321     1 root     S     3204   0%   0% /sbin/udhcpc -i espsta0
  236     1 root     S     3204   0%   0% /sbin/syslogd -n
  339     1 root     S     3204   0%   0% /sbin/udhcpc -i espsta0
  360     1 root     S     3204   0%   0% /sbin/udhcpc -i espsta0
   65     2 root     IW<      0   0%   0% [kworker/0:1H-mm]
   22     2 root     IW       0   0%   0% [kworker/0:1-eve]
  122     2 root     IW<      0   0%   0% [kworker/1:1H-kb]
   10     2 root     SW       0   0%   0% [ksoftirqd/0]
    7     2 root     IW       0   0%   0% [kworker/u4:0-ev]
   16     2 root     SW       0   0%   0% [ksoftirqd/1]
  161     2 root     IW       0   0%   0% [kworker/0:10-ev]
   11     2 root     IW       0   0%   0% [rcu_preempt]
  117     2 root     IW       0   0%   0% [kworker/0:2-eve]
  146     2 root     IW       0   0%   0% [kworker/1:21-ev]
  151     2 root     IW       0   0%   0% [kworker/u4:2-ev]
    2     0 root     SW       0   0%   0% [kthreadd]
   19     2 root     SW       0   0%   0% [kdevtmpfs]
   23     2 root     SW       0   0%   0% [kauditd]
   64     2 root     IW       0   0%   0% [kworker/u4:1-ev]
    3     2 root     IW<      0   0%   0% [rcu_gp]
    4     2 root     IW<      0   0%   0% [rcu_par_gp]
    6     2 root     IW<      0   0%   0% [kworker/0:0H-mm]
    8     2 root     IW<      0   0%   0% [mm_percpu_wq]
    9     2 root     SW       0   0%   0% [rcu_tasks_kthre]
   12     2 root     SW       0   0%   0% [migration/0]
   13     2 root     SW       0   0%   0% [cpuhp/0]
   14     2 root     SW       0   0%   0% [cpuhp/1]
   15     2 root     SW       0   0%   0% [migration/1]
   20     2 root     IW<      0   0%   0% [netns]
   24     2 root     SW       0   0%   0% [oom_reaper]
   25     2 root     IW<      0   0%   0% [writeback]
   26     2 root     SW       0   0%   0% [kcompactd0]
   27     2 root     SWN      0   0%   0% [ksmd]
   28     2 root     SWN      0   0%   0% [khugepaged]
   41     2 root     IW<      0   0%   0% [cryptd]
   57     2 root     IW<      0   0%   0% [kintegrityd]
   58     2 root     IW<      0   0%   0% [kblockd]
   59     2 root     IW<      0   0%   0% [blkcg_punt_bio]
   60     2 root     IW<      0   0%   0% [ata_sff]udhcpc: sending discover
^C
root@smarc-rzv2l:/home/21May2024Demo_Images# kill 2 359
root@smarc-rzv2l:/home/21May2024Demo_Images# nl80211: deinit ifname=espsta0 disabled_11b_rates=0
espsta0: CTRL-EVENT-TERMINATING 
udhcpc: sending discover
udhcpc: sending discover
udhcpc: sending discover
udhcpc: sending discover

root@smarc-rzv2l:/home/21May2024Demo_Images# udhcpc: sending discover
rudhcpc: sending discover
eboot
         Stopping Session c1 of user root.
[  OK  ] Stopped target Bluetooth.
[  OK  ] Stopped target Host and Network Name Lookups.
[  OK  ] Stopped target RPC Port Mapper.
[  OK  ] Stopped target System Time Synchronized.
[  OK  ] Stopped target System Time Set.
[  OK  ] Stopped target Timers.
[  OK  ] Stopped Daily Cleanup of Temporary Directories.
[  OK  ] Stopped target Hardware activated USB gadget.
[  OK  ] Closed Load/Save RF Kill Switch Status /dev/rfkill Watch.
         Stopping Bluetooth service...
         Stopping Load/Save Random Seed...
         Stopping watchdog daemon...
[  OK  ] Stopped Serial Getty on ttySC0.
[  OK  ] Stopped Bluetooth service.
[  OK  ] Stopped Load/Save Random Seed.
[  OK  ] Stopped Session c1 of user root.
[  OK  ] Stopped watchdog daemon.
[  OK  ] Removed slice system-serial\x2dgetty.slice.
[  OK  ] Stopped target Multi-User System.
[  OK  ] Stopped target Login Prompts.
         Stopping Avahi mDNS/DNS-SD Stack...
         Stopping Kernel Logging Service...
         Stopping System Logging Service...
         Stopping Getty on tty1...
         Stopping Telephony service...
         Stopping Login Service...
         Stopping Target Communication Framework agent...
         Stopping User Manager for UID 0...
[  OK  ] Stopped Kernel Logging Service.
[  OK  ] Stopped System Logging Service.
[  OK  ] Stopped Telephony service.
[  OK  ] Stopped Avahi mDNS/DNS-SD Stack.
[  OK  ] Stopped Getty on tty1.
[  OK  ] Stopped Target Communication Framework agent.
[  OK  ] Stopped User Manager for UID 0.
[  OK  ] Removed slice system-getty.slice.
         Stopping User Runtime Directory /run/user/0...
[  OK  ] Unmounted /run/user/0.
[  OK  ] Stopped Login Service.
[  OK  ] Stopped User Runtime Directory /run/user/0.
[  OK  ] Removed slice User Slice of UID 0.
         Stopping D-Bus System Message Bus...
         Stopping Permit User Sessions...
[  OK  ] Stopped D-Bus System Message Bus.
[  OK  ] Stopped Permit User Sessions.
[  OK  ] Stopped target Network.
[  OK  ] Stopped target Remote File Systems.
         Stopping Network Name Resolution...
[  OK  ] Stopped Network Name Resolution.
         Stopping Network Service...
[  OK  ] Stopped Network Service.
[  OK  ] Stopped target Network (Pre).
[  OK  ] Stopped IPv6 Packet Filtering Framework.
[  OK  ] Stopped IPv4 Packet Filtering Framework.
[  OK  ] Stopped target Basic System.
[  OK  ] Stopped target Paths.
[  OK  ] Stopped Dispatch Password ts to Console Directory Watch.
[  OK  ] Stopped Forward Password Ruests to Wall Directory Watch.
[  OK  ] Stopped target Slices.
[  OK  ] Removed slice User and Session Slice.
[  OK  ] Stopped target Sockets.
[  OK  ] Closed Avahi mDNS/DNS-SD Stack Activation Socket.
[  OK  ] Closed D-Bus System Message Bus Socket.
[  OK  ] Closed dropbear.socket.
[  OK  ] Stopped target System Initialization.
[  OK  ] Closed Syslog Socket.
[  OK  ] Stopped Apply Kernel Variables.
[  OK  ] Stopped Load Kernel Modules.
         Stopping Network Time Synchronization...
         Stopping Update UTMP about System Boot/Shutdown...
[  OK  ] Stopped Network Time Synchronization.
[  OK  ] Stopped Update UTMP about System Boot/Shutdown.
[  OK  ] Stopped Create Volatile Files and Directories.
[  OK  ] Stopped target Local File Systems.
         Unmounting Temporary Directory (/tmp)...
         Unmounting /var/volatile...
[  OK  ] Unmounted Temporary Directory (/tmp).
[  OK  ] Unmounted /var/volatile.
[  OK  ] Stopped target Local File Systems (Pre).
[  OK  ] Stopped target Swap.
[  OK  ] Reached target Unmount All Filesystems.
[  OK  ] Stopped Remount Root and Kernel File Systems.
[  OK  ] Stopped Create Static Device Nodes in /dev.
[  OK  ] Reached target Shutdown.
[  OK  ] Reached target Final Step.
[  OK  ] Started Reboot.
[  OK  ] Reached target Reboot.
[  377.685351] systemd-shutdown[1]: Syncing filesystems and block devices.
[  377.699550] systemd-shutdown[1]: Sending SIGTERM to remaining processes...
[  377.714290] systemd-journald[189]: Received SIGTERM from PID 1 (systemd-shutdow).
[  377.723106] audit: type=1335 audit(1716451402.077:3): pid=189 uid=0 auid=4294967295 tty=(none) ses=4294967295 comm="systemd-journal" exe="/lib/systemd/systemd-journald" nl-mcgrp=1 op=disconnect res=1
[  377.757199] systemd-shutdown[1]: Sending SIGKILL to remaining processes...
[  377.770515] systemd-shutdown[1]: Hardware watchdog 'Renesas RZ/G2L WDT Watchdog', version 0
[  377.781385] systemd-shutdown[1]: Unmounting file systems.
[  377.789757] [406]: Remounting '/' read-only in with options '(null)'.
[  377.815861] EXT4-fs (mmcblk1p1): re-mounted. Opts: (null)
[  377.826349] systemd-shutdown[1]: All filesystems unmounted.
[  377.832110] systemd-shutdown[1]: Deactivating swaps.
[  377.837341] systemd-shutdown[1]: All swaps deactivated.
[  377.842613] systemd-shutdown[1]: Detaching loop devices.
[  377.851355] systemd-shutdown[1]: All loop devices detached.
[  377.857001] systemd-shutdown[1]: Detaching DM devices.
[  377.862484] systemd-shutdown[1]: All DM devices detached.
[  377.867900] systemd-shutdown[1]: All filesystems, swaps, loop devices and DM devices detached.
[  377.889757] systemd-shutdown[1]: Syncing filesystems and block devices.
[  377.896927] systemd-shutdown[1]: Rebooting.
[  377.965791] reboot: Restarting system
NOTICE:  BL2: v2.7(release):570290b
NOTICE:  BL2: Built : 10:34:45, Feb 21 2024
NOTICE:  BL2: Booting BL31
NOTICE:  BL31: v2.7(release):570290b
NOTICE:  BL31: Built : 11:16:33, Feb 20 2024


U-Boot 2021.10-g88609bb1 (Feb 21 2024 - 17:23:14 +0530)

CPU:   Renesas Electronics CPU rev 1.0
Model: rzv2l-calixto-optima
DRAM:  1.4 GiB
WDT:   watchdog@0000000012800800
WDT:   Started with servicing (60s timeout)
MMC:   sd@11c00000: 0, sd@11c10000: 1
Loading Environment from SPIFlash... SF: Detected w25q64cv with page size 256 Bytes, erase size 4 KiB, total 8 MiB
OK
In:    serial@1004b800
Out:   serial@1004b800
Err:   serial@1004b800
U-boot WDT started!
Net:   No ethernet found.

Hit any key to stop autoboot:  2  1  0 
switch to partitions #0, OK
mmc1 is current device
19298816 bytes read in 1589 ms (11.6 MiB/s)
36130 bytes read in 6 ms (5.7 MiB/s)
Error: Bad gzipped data
Moving Image from 0x48080000 to 0x48200000, end=494d0000
## Flattened Device Tree blob at 48000000
   Booting using the fdt blob at 0x48000000
ERROR: reserving fdt memory region failed (addr=80000000 size=20000000 flags=0)
   Loading Device Tree to 0000000057ff4000, end 0000000057fffd21 ... OK

Starting kernel ...

[    0.000000] Booting Linux on physical CPU 0x0000000000 [0x412fd050]
[    0.000000] Linux version 5.10.184-cip36-yocto-standard (oe-user@oe-host) (aarch64-poky-linux-gcc (GCC) 9.5.0, GNU ld (GNU Binutils) 2.34.0.20200910) #1 SMP PREEMPT Sat Feb 27 02:21:18 UTC 2021
[    0.000000] Machine model: Renesas SMARC EVK based on r9a07g054l2 - Optima
[    0.000000] earlycon: scif0 at MMIO 0x000000001004b800 (options '115200n8')
[    0.000000] printk: bootconsole [scif0] enabled
[    0.000000] efi: UEFI not found.
[    0.000000] Reserved memory: created CMA memory pool at 0x0000000058000000, size 256 MiB
[    0.000000] OF: reserved mem: initialized node linux,cma@58000000, compatible id shared-dma-pool
[    0.000000] Reserved memory: created CMA memory pool at 0x0000000068000000, size 128 MiB
[    0.000000] OF: reserved mem: initialized node linux,multimedia, compatible id shared-dma-pool
[    0.000000] Reserved memory: created CMA memory pool at 0x00000000b0000000, size 64 MiB
[    0.000000] OF: reserved mem: initialized node image_buf@0, compatible id shared-dma-pool
[    0.000000] Zone ranges:
[    0.000000]   DMA      [mem 0x0000000048000000-0x000000009fffffff]
[    0.000000]   DMA32    empty
[    0.000000]   Normal   empty
[    0.000000] Movable zone start for each node
[    0.000000] Early memory node ranges
[    0.000000]   node   0: [mem 0x0000000048000000-0x000000009fffffff]
[    0.000000] Initmem setup node 0 [mem 0x0000000048000000-0x000000009fffffff]
[    0.000000] psci: probing for conduit method from DT.
[    0.000000] psci: PSCIv1.1 detected in firmware.
[    0.000000] psci: Using standard PSCI v0.2 function IDs
[    0.000000] psci: MIGRATE_INFO_TYPE not supported.
[    0.000000] psci: SMC Calling Convention v1.2
[    0.000000] percpu: Embedded 23 pages/cpu s55384 r8192 d30632 u94208
[    0.000000] Detected VIPT I-cache on CPU0
[    0.000000] CPU features: detected: GIC system register CPU interface
[    0.000000] CPU features: detected: ARM errata 1165522, 1319367, or 1530923
[    0.000000] Built 1 zonelists, mobility grouping on.  Total pages: 354816
[    0.000000] Kernel command line: rw rootwait earlycon root=/dev/mmcblk1p1 wdt_overflow=0
[    0.000000] Dentry cache hash table entries: 262144 (order: 9, 2097152 bytes, linear)
[    0.000000] Inode-cache hash table entries: 131072 (order: 8, 1048576 bytes, linear)
[    0.000000] mem auto-init: stack:off, heap alloc:off, heap free:off
[    0.000000] Memory: 465960K/1441792K available (11968K kernel code, 1054K rwdata, 3568K rodata, 2112K init, 393K bss, 517080K reserved, 458752K cma-reserved)
[    0.000000] SLUB: HWalign=64, Order=0-3, MinObjects=0, CPUs=2, Nodes=1
[    0.000000] rcu: Preemptible hierarchical RCU implementation.
[    0.000000] rcu: RCU event tracing is enabled.
[    0.000000] rcu: RCU restricting CPUs from NR_CPUS=8 to nr_cpu_ids=2.
[    0.000000] Trampoline variant of Tasks RCU enabled.
[    0.000000] rcu: RCU calculated value of scheduler-enlistment delay is 25 jiffies.
[    0.000000] rcu: Adjusting geometry for rcu_fanout_leaf=16, nr_cpu_ids=2
[    0.000000] NR_IRQS: 64, nr_irqs: 64, preallocated irqs: 0
[    0.000000] GICv3: 480 SPIs implemented
[    0.000000] GICv3: 0 Extended SPIs implemented
[    0.000000] GICv3: Distributor has no Range Selector support
[    0.000000] GICv3: 16 PPIs implemented
[    0.000000] GICv3: CPU0: found redistributor 0 region 0:0x0000000011940000
[    0.000000] arch_timer: cp15 timer(s) running at 24.00MHz (virt).
[    0.000000] clocksource: arch_sys_counter: mask: 0xffffffffffffff max_cycles: 0x588fe9dc0, max_idle_ns: 440795202592 ns
[    0.000005] sched_clock: 56 bits at 24MHz, resolution 41ns, wraps every 4398046511097ns
[    0.008239] Console: colour dummy device 80x25
[    0.012705] printk: console [tty0] enabled
[    0.016822] printk: bootconsole [scif0] disabled
[    0.000000] Booting Linux on physical CPU 0x0000000000 [0x412fd050]
[    0.000000] Linux version 5.10.184-cip36-yocto-standard (oe-user@oe-host) (aarch64-poky-linux-gcc (GCC) 9.5.0, GNU ld (GNU Binutils) 2.34.0.20200910) #1 SMP PREEMPT Sat Feb 27 02:21:18 UTC 2021
[    0.000000] Machine model: Renesas SMARC EVK based on r9a07g054l2 - Optima
[    0.000000] earlycon: scif0 at MMIO 0x000000001004b800 (options '115200n8')
[    0.000000] printk: bootconsole [scif0] enabled
[    0.000000] efi: UEFI not found.
[    0.000000] Reserved memory: created CMA memory pool at 0x0000000058000000, size 256 MiB
[    0.000000] OF: reserved mem: initialized node linux,cma@58000000, compatible id shared-dma-pool
[    0.000000] Reserved memory: created CMA memory pool at 0x0000000068000000, size 128 MiB
[    0.000000] OF: reserved mem: initialized node linux,multimedia, compatible id shared-dma-pool
[    0.000000] Reserved memory: created CMA memory pool at 0x00000000b0000000, size 64 MiB
[    0.000000] OF: reserved mem: initialized node image_buf@0, compatible id shared-dma-pool
[    0.000000] Zone ranges:
[    0.000000]   DMA      [mem 0x0000000048000000-0x000000009fffffff]
[    0.000000]   DMA32    empty
[    0.000000]   Normal   empty
[    0.000000] Movable zone start for each node
[    0.000000] Early memory node ranges
[    0.000000]   node   0: [mem 0x0000000048000000-0x000000009fffffff]
[    0.000000] Initmem setup node 0 [mem 0x0000000048000000-0x000000009fffffff]
[    0.000000] psci: probing for conduit method from DT.
[    0.000000] psci: PSCIv1.1 detected in firmware.
[    0.000000] psci: Using standard PSCI v0.2 function IDs
[    0.000000] psci: MIGRATE_INFO_TYPE not supported.
[    0.000000] psci: SMC Calling Convention v1.2
[    0.000000] percpu: Embedded 23 pages/cpu s55384 r8192 d30632 u94208
[    0.000000] Detected VIPT I-cache on CPU0
[    0.000000] CPU features: detected: GIC system register CPU interface
[    0.000000] CPU features: detected: ARM errata 1165522, 1319367, or 1530923
[    0.000000] Built 1 zonelists, mobility grouping on.  Total pages: 354816
[    0.000000] Kernel command line: rw rootwait earlycon root=/dev/mmcblk1p1 wdt_overflow=0
[    0.000000] Dentry cache hash table entries: 262144 (order: 9, 2097152 bytes, linear)
[    0.000000] Inode-cache hash table entries: 131072 (order: 8, 1048576 bytes, linear)
[    0.000000] mem auto-init: stack:off, heap alloc:off, heap free:off
[    0.000000] Memory: 465960K/1441792K available (11968K kernel code, 1054K rwdata, 3568K rodata, 2112K init, 393K bss, 517080K reserved, 458752K cma-reserved)
[    0.000000] SLUB: HWalign=64, Order=0-3, MinObjects=0, CPUs=2, Nodes=1
[    0.000000] rcu: Preemptible hierarchical RCU implementation.
[    0.000000] rcu: RCU event tracing is enabled.
[    0.000000] rcu: RCU restricting CPUs from NR_CPUS=8 to nr_cpu_ids=2.
[    0.000000] Trampoline variant of Tasks RCU enabled.
[    0.000000] rcu: RCU calculated value of scheduler-enlistment delay is 25 jiffies.
[    0.000000] rcu: Adjusting geometry for rcu_fanout_leaf=16, nr_cpu_ids=2
[    0.000000] NR_IRQS: 64, nr_irqs: 64, preallocated irqs: 0
[    0.000000] GICv3: 480 SPIs implemented
[    0.000000] GICv3: 0 Extended SPIs implemented
[    0.000000] GICv3: Distributor has no Range Selector support
[    0.000000] GICv3: 16 PPIs implemented
[    0.000000] GICv3: CPU0: found redistributor 0 region 0:0x0000000011940000
[    0.000000] arch_timer: cp15 timer(s) running at 24.00MHz (virt).
[    0.000000] clocksource: arch_sys_counter: mask: 0xffffffffffffff max_cycles: 0x588fe9dc0, max_idle_ns: 440795202592 ns
[    0.000005] sched_clock: 56 bits at 24MHz, resolution 41ns, wraps every 4398046511097ns
[    0.008239] Console: colour dummy device 80x25
[    0.012705] printk: console [tty0] enabled
[    0.016822] printk: bootconsole [scif0] disabled
[    0.021492] Calibrating delay loop (skipped), value calculated using timer frequency.. 48.00 BogoMIPS (lpj=96000)
[    0.021516] pid_max: default: 32768 minimum: 301
[    0.021646] Mount-cache hash table entries: 4096 (order: 3, 32768 bytes, linear)
[    0.021668] Mountpoint-cache hash table entries: 4096 (order: 3, 32768 bytes, linear)
[    0.023288] rcu: Hierarchical SRCU implementation.
[    0.024018] Detected Renesas RZ/V2L r9a07g054 Rev 1
[    0.024302] EFI services will not be available.
[    0.024574] smp: Bringing up secondary CPUs ...
[    0.025076] Detected VIPT I-cache on CPU1
[    0.025115] GICv3: CPU1: found redistributor 100 region 0:0x0000000011960000
[    0.025166] CPU1: Booted secondary processor 0x0000000100 [0x412fd050]
[    0.025290] smp: Brought up 1 node, 2 CPUs
[    0.025330] SMP: Total of 2 processors activated.
[    0.025342] CPU features: detected: Privileged Access Never
[    0.025351] CPU features: detected: LSE atomic instructions
[    0.025360] CPU features: detected: User Access Override
[    0.025370] CPU features: detected: 32-bit EL0 Support
[    0.025379] CPU features: detected: Common not Private translations
[    0.025389] CPU features: detected: Data cache clean to the PoU not required for I/D coherence
[    0.025404] CPU features: detected: CRC32 instructions
[    0.025414] CPU features: detected: Speculative Store Bypassing Safe (SSBS)
[    0.025426] CPU features: detected: 32-bit EL1 Support
[    0.043202] CPU: All CPU(s) started at EL1
[    0.043286] alternatives: patching kernel code
[    0.045636] devtmpfs: initialized
[    0.051245] clocksource: jiffies: mask: 0xffffffff max_cycles: 0xffffffff, max_idle_ns: 7645041785100000 ns
[    0.051298] futex hash table entries: 512 (order: 3, 32768 bytes, linear)
[    0.060489] ------------[ cut here ]------------
[    0.060557] WARNING: CPU: 0 PID: 1 at mm/cma.c:106 cma_init_reserved_areas+0x80/0x170
[    0.060574] Modules linked in:
[    0.060597] CPU: 0 PID: 1 Comm: swapper/0 Not tainted 5.10.184-cip36-yocto-standard #1
[    0.060611] Hardware name: Renesas SMARC EVK based on r9a07g054l2 - Optima (DT)
[    0.060628] pstate: 60c00005 (nZCv daif +PAN +UAO -TCO BTYPE=--)
[    0.060641] pc : cma_init_reserved_areas+0x80/0x170
[    0.060653] lr : cma_init_reserved_areas+0x7c/0x170
[    0.060662] sp : ffff8000112ebd30
[    0.060670] x29: ffff8000112ebd30 x28: 0000000000000640 
[    0.060686] x27: ffff8000112a0640 x26: 0000000000000020 
[    0.060701] x25: ffff800010ddf438 x24: 0000000000000002 
[    0.060715] x23: fffffdffffe00000 x22: ffff800010e89a18 
[    0.060729] x21: 0000000000000000 x20: 00000000000b0000 
[    0.060743] x19: ffff8000112a0740 x18: 0000000000000010 
[    0.060757] x17: 00000000819c50d6 x16: 0000000044c2c5ca 
[    0.060770] x15: ffff000009860460 x14: 0000000000000000 
[    0.060784] x13: 0000000000000240 x12: ffff000009860000 
[    0.060798] x11: ffff00003fcdf8d4 x10: ffff00003fcdf8c0 
[    0.060812] x9 : 0000000000000000 x8 : 0000000058000000 
[    0.060826] x7 : 0000000000000018 x6 : ffff800011298b00 
[    0.060839] x5 : ffff800011298b00 x4 : 0000000000000001 
[    0.060853] x3 : 0000000000000001 x2 : 00000000a0000000 
[    0.060867] x1 : 0000000000000000 x0 : 0000000000000000 
[    0.060881] Call trace:
[    0.060893]  cma_init_reserved_areas+0x80/0x170
[    0.060908]  do_one_initcall+0x54/0x1c8
[    0.060923]  kernel_init_freeable+0x230/0x294
[    0.060939]  kernel_init+0x14/0x114
[    0.060950]  ret_from_fork+0x10/0x30
[    0.060985] ---[ end trace 7c3961137ec54b2b ]---
[    0.061013] ------------[ cut here ]------------
[    0.061029] WARNING: CPU: 0 PID: 1 at mm/cma.c:114 cma_init_reserved_areas+0xc4/0x170
[    0.061042] Modules linked in:
[    0.061056] CPU: 0 PID: 1 Comm: swapper/0 Tainted: G        W         5.10.184-cip36-yocto-standard #1
[    0.061070] Hardware name: Renesas SMARC EVK based on r9a07g054l2 - Optima (DT)
[    0.061085] pstate: 60c00005 (nZCv daif +PAN +UAO -TCO BTYPE=--)
[    0.061097] pc : cma_init_reserved_areas+0xc4/0x170
[    0.061109] lr : cma_init_reserved_areas+0xbc/0x170
[    0.061118] sp : ffff8000112ebd30
[    0.061126] x29: ffff8000112ebd30 x28: 0000000000000640 
[    0.061140] x27: ffff8000112a0640 x26: 0000000000000020 
[    0.061154] x25: ffff800010ddf438 x24: 0000000000000002 
[    0.061168] x23: fffffdffffe00000 x22: ffff800010e89a18 
[    0.061182] x21: 00000000000012c0 x20: 00000000000b0200 
[    0.061196] x19: ffff8000112a0740 x18: 0000000000000010 
[    0.061210] x17: 00000000819c50d6 x16: 0000000044c2c5ca 
[    0.061223] x15: ffff000009860460 x14: 0000000000000000 
[    0.061237] x13: 0000000000000240 x12: ffff000009860000 
[    0.061251] x11: ffff00003fcdf8d4 x10: ffff00003fcdf8c0 
[    0.061265] x9 : 0000000000000000 x8 : 0000000058000000 
[    0.061278] x7 : 0000000000000018 x6 : ffff800011298b00 
[    0.061292] x5 : ffff800011298b00 x4 : 0000000000000001 
[    0.061305] x3 : 00000000000b0000 x2 : 00000000a0000000 
[    0.061319] x1 : 00000000000b0000 x0 : 0000000000000000 
[    0.061332] Call trace:
[    0.061343]  cma_init_reserved_areas+0xc4/0x170
[    0.061354]  do_one_initcall+0x54/0x1c8
[    0.061366]  kernel_init_freeable+0x230/0x294
[    0.061379]  kernel_init+0x14/0x114
[    0.061389]  ret_from_fork+0x10/0x30
[    0.061398] ---[ end trace 7c3961137ec54b2c ]---
[    0.061573] cma: CMA area image_buf@0 could not be activated
[    0.061757] pinctrl core: initialized pinctrl subsystem
[    0.062553] DMI not present or invalid.
[    0.063022] NET: Registered protocol family 16
[    0.064462] DMA: preallocated 128 KiB GFP_KERNEL pool for atomic allocations
[    0.064589] DMA: preallocated 128 KiB GFP_KERNEL|GFP_DMA pool for atomic allocations
[    0.064689] DMA: preallocated 128 KiB GFP_KERNEL|GFP_DMA32 pool for atomic allocations
[    0.064827] audit: initializing netlink subsys (disabled)
[    0.065140] audit: type=2000 audit(0.056:1): state=initialized audit_enabled=0 res=1
[    0.065673] thermal_sys: Registered thermal governor 'step_wise'
[    0.066036] cpuidle: using governor menu
[    0.066233] hw-breakpoint: found 6 breakpoint and 4 watchpoint registers.
[    0.066317] ASID allocator initialised with 65536 entries
[    0.076737] OF: /soc/spi@1004ac00: could not find phandle
[    0.076841] OF: /soc/spi@1004b000: could not find phandle
[    0.078923] OF: /soc/spi@1004ac00: could not find phandle
[    0.079126] OF: /soc/spi@1004b000: could not find phandle
[    0.090531] HugeTLB registered 1.00 GiB page size, pre-allocated 0 pages
[    0.090568] HugeTLB registered 32.0 MiB page size, pre-allocated 0 pages
[    0.090581] HugeTLB registered 2.00 MiB page size, pre-allocated 0 pages
[    0.090594] HugeTLB registered 64.0 KiB page size, pre-allocated 0 pages
[    0.092289] cryptd: max_cpu_qlen set to 1000
[    0.098241] iommu: Default domain type: Translated 
[    0.099133] vgaarb: loaded
[    0.099435] SCSI subsystem initialized
[    0.099879] usbcore: registered new interface driver usbfs
[    0.099936] usbcore: registered new interface driver hub
[    0.099977] usbcore: registered new device driver usb
[    0.100686] mc: Linux media interface: v0.10
[    0.100719] videodev: Linux video capture interface: v2.00
[    0.100795] pps_core: LinuxPPS API ver. 1 registered
[    0.100808] pps_core: Software ver. 5.3.6 - Copyright 2005-2007 Rodolfo Giometti <giometti@linux.it>
[    0.100838] PTP clock support registered
[    0.100875] EDAC MC: Ver: 3.0.0
[    0.102311] Advanced Linux Sound Architecture Driver Initialized.
[    0.102768] Bluetooth: Core ver 2.22
[    0.102816] NET: Registered protocol family 31
[    0.102828] Bluetooth: HCI device and connection manager initialized
[    0.102847] Bluetooth: HCI socket layer initialized
[    0.102860] Bluetooth: L2CAP socket layer initialized
[    0.102881] Bluetooth: SCO socket layer initialized
[    0.103511] clocksource: Switched to clocksource arch_sys_counter
[    0.103752] VFS: Disk quotas dquot_6.6.0
[    0.103822] VFS: Dquot-cache hash table entries: 512 (order 0, 4096 bytes)
[    0.109748] NET: Registered protocol family 2
[    0.110005] IP idents hash table entries: 32768 (order: 6, 262144 bytes, linear)
[    0.111079] tcp_listen_portaddr_hash hash table entries: 1024 (order: 2, 16384 bytes, linear)
[    0.111205] TCP established hash table entries: 16384 (order: 5, 131072 bytes, linear)
[    0.111314] TCP bind hash table entries: 16384 (order: 6, 262144 bytes, linear)
[    0.111654] TCP: Hash tables configured (established 16384 bind 16384)
[    0.111836] UDP hash table entries: 1024 (order: 3, 32768 bytes, linear)
[    0.111883] UDP-Lite hash table entries: 1024 (order: 3, 32768 bytes, linear)
[    0.112078] NET: Registered protocol family 1
[    0.112690] RPC: Registered named UNIX socket transport module.
[    0.112717] RPC: Registered udp transport module.
[    0.112727] RPC: Registered tcp transport module.
[    0.112736] RPC: Registered tcp NFSv4.1 backchannel transport module.
[    0.113520] PCI: CLS 0 bytes, default 64
[    0.114330] kvm [1]: HYP mode not available
[    0.118148] Initialise system trusted keyrings
[    0.118410] workingset: timestamp_bits=46 max_order=18 bucket_order=0
[    0.124096] squashfs: version 4.0 (2009/01/31) Phillip Lougher
[    0.124899] NFS: Registering the id_resolver key type
[    0.124963] Key type id_resolver registered
[    0.124974] Key type id_legacy registered
[    0.125065] nfs4filelayout_init: NFSv4 File Layout Driver Registering...
[    0.125081] nfs4flexfilelayout_init: NFSv4 Flexfile Layout Driver Registering...
[    0.125115] jffs2: version 2.2. (NAND) © 2001-2006 Red Hat, Inc.
[    0.162088] Key type asymmetric registered
[    0.162127] Asymmetric key parser 'x509' registered
[    0.162206] Block layer SCSI generic (bsg) driver version 0.4 loaded (major 245)
[    0.162224] io scheduler mq-deadline registered
[    0.162240] io scheduler kyber registered
[    0.206260] Serial: 8250/16550 driver, 4 ports, IRQ sharing enabled
[    0.207427] SuperH (H)SCI(F) driver initialized
[    0.218537] loop: module loaded
[    0.221404] tun: Universal TUN/TAP device driver, 1.6
[    0.221689] CAN device driver interface
[    0.222198] e1000e: Intel(R) PRO/1000 Network Driver
[    0.222216] e1000e: Copyright(c) 1999 - 2015 Intel Corporation.
[    0.222939] VFIO - User Level meta-driver version: 0.3
[    0.223223] ehci_hcd: USB 2.0 'Enhanced' Host Controller (EHCI) Driver
[    0.223245] ehci-pci: EHCI PCI platform driver
[    0.223304] ehci-platform: EHCI generic platform driver
[    0.224057] ohci_hcd: USB 1.1 'Open' Host Controller (OHCI) Driver
[    0.224119] ohci-pci: OHCI PCI platform driver
[    0.224204] ohci-platform: OHCI generic platform driver
[    0.225339] usbcore: registered new interface driver usb-storage
[    0.225812] renesas_usbhs 11c60000.usb: host probed
[    0.225836] renesas_usbhs 11c60000.usb: no transceiver found
[    0.225977] renesas_usbhs 11c60000.usb: gadget probed
[    0.226090] renesas_usbhs 11c60000.usb: platform init failed.
[    0.226224] renesas_usbhs 11c60000.usb: probe failed (-517)
[    0.227058] usbcore: registered new interface driver usbtouchscreen
[    0.227127] i2c /dev entries driver
[    0.231804] rzg2l-csi2 10830400.csi2: 4 lanes found
[    0.235764] EDAC rzg2l-edac: IO mapped reg addr: 0x11410000
[    0.236066] EDAC MC0: Giving out device to module rzg2l-edac controller renesas,r9a07g054-edac: DEV 11410000.edac (INTERRUPT)
[    0.238625] ledtrig-cpu: registered to indicate activity on CPUs
[    0.238674] SMCCC: SOC_ID: ARCH_SOC_ID not implemented, skipping ....
[    0.239297] clocksource: timer@12801400: mask: 0xffffffff max_cycles: 0xffffffff, max_idle_ns: 19112604467 ns
[    0.239336] sched_clock: 32 bits at 100MHz, resolution 10ns, wraps every 21474836475ns
[    0.239360] /soc/timer@12801400: used for clocksource
[    0.239818] /soc/timer@12801800: used for clock events
[    0.240783] usbcore: registered new interface driver usbhid
[    0.240807] usbhid: USB HID core driver
[    0.242270] optee: probing for conduit method.
[    0.242309] optee: api uid mismatch
[    0.242329] optee: probe of firmware:optee failed with error -22
[    0.244519] NET: Registered protocol family 10
[    0.245537] Segment Routing with IPv6
[    0.245617] sit: IPv6, IPv4 and MPLS over IPv4 tunneling driver
[    0.246091] NET: Registered protocol family 17
[    0.246119] can: controller area network core
[    0.246193] NET: Registered protocol family 29
[    0.246207] can: raw protocol
[    0.246219] can: broadcast manager protocol
[    0.246236] can: netlink gateway - max_hops=1
[    0.246626] Bluetooth: RFCOMM TTY layer initialized
[    0.246656] Bluetooth: RFCOMM socket layer initialized
[    0.246699] Bluetooth: RFCOMM ver 1.11
[    0.246716] Bluetooth: BNEP (Ethernet Emulation) ver 1.3
[    0.246727] Bluetooth: BNEP filters: protocol multicast
[    0.246742] Bluetooth: BNEP socket layer initialized
[    0.246753] Bluetooth: HIDP (Human Interface Emulation) ver 1.2
[    0.246767] Bluetooth: HIDP socket layer initialized
[    0.247045] Key type dns_resolver registered
[    0.247546] registered taskstats version 1
[    0.247568] Loading compiled-in X.509 certificates
[    0.255356] thermal emergency: set temperature to 111 celsius
[    0.255546] thermal emergency: shutdown target cpus 1
[    0.255564] thermal emergency: freq scaled target cpus 0
[    0.258107] gpio gpiochip0: (11030000.pinctrl): detected irqchip that is shared with multiple gpiochips: please fix the driver.
[    0.258440] pinctrl-rzg2l 11030000.pinctrl: pinctrl-rzg2l support registered
[    0.260366] 1004b800.serial: ttySC0 at MMIO 0x1004b800 (irq = 20, base_baud = 0) is a scif
[    1.803370] printk: console [ttySC0] enabled
[    1.808774] 1004c000.serial: ttySC2 at MMIO 0x1004c000 (irq = 25, base_baud = 0) is a scif
[    1.818193] 1004c400.serial: ttySC3 at MMIO 0x1004c400 (irq = 30, base_baud = 0) is a scif
[    1.827699] 1004c800.serial: ttySC4 at MMIO 0x1004c800 (irq = 35, base_baud = 0) is a scif
[    1.837617] rcar-du 10890000.display: error: no encoder could be initialized
[    1.844718] rcar-du 10890000.display: failed to initialize DRM/KMS (-22)
[    1.851732] rcar-du: probe of 10890000.display failed with error -22
[    1.858995] renesas_spi 1004ac00.spi: DMA available
[    1.863980] OF: /soc/spi@1004ac00: could not find phandle
[    1.869709] renesas_spi 1004ac00.spi: probed
[    1.874887] renesas_spi 1004b000.spi: DMA available
[    1.880010] OF: /soc/spi@1004b000: could not find phandle
[    1.886230] renesas_spi 1004b000.spi: probed
[    1.891597] rcar_canfd 10050000.can: can_clk rate is 50000000
[    1.897964] rcar_canfd 10050000.can: device registered (channel 1)
[    1.904165] rcar_canfd 10050000.can: global operational state (clk 0, fdmode 1)
[    1.939561] ehci-platform 11c50100.usb: EHCI Host Controller
[    1.945273] ehci-platform 11c50100.usb: new USB bus registered, assigned bus number 1
[    1.953225] ehci-platform 11c50100.usb: irq 130, io mem 0x11c50100
[    1.971519] ehci-platform 11c50100.usb: USB 2.0 started, EHCI 1.10
[    1.978366] hub 1-0:1.0: USB hub found
[    1.982158] hub 1-0:1.0: 1 port detected
