=~=~=~=~=~=~=~=~=~=~=~= PuTTY log 2024.05.23 14:56:22 =~=~=~=~=~=~=~=~=~=~=~=
%K@*I%o
 K" ){RbH ,Y"R)K-@@ $)RB !IISV/"HnKj:K2[J)/iiJ}+J*ik[eanjit+)V6d/U[lVYZKeky%KI-6R-i%lZo{Y@cR)I*Z=xUm"IZn~oem]ek[Z]Wor[[kPK[oVhe12moejZJ*Um%I^m[I-ZmiUKIm-}mz?i[.J+V_]{/i[eiM-/]7j-bI+IW-U[[{o;}m{[k{;z-emU[mo{/}"ob[[II*Jh%H!k"W)IKK4j+B]2Id_iRZ)-RjYIK:FWYK"ZIJH=J&L{+SK$J)KBhDI)I%$$VHH$(,%+&D%BH2RPJRR+IRH-¤B!*
 HR0HH)$$@($B HKC$
 I$ $RRIB@BBiZAJJV@YJMiJ$UR*IJ[IdI%BT J aIHHDY$ V HIRR"SR%R% (bH$IJ$BRII$IJBOY$IhBB"JPBZ'@&
HPBIR`<"H"0H@B$@
%@8J$@$BRB$B"IJ%$$RBBU%HR*PV%$P
]@eRI+<< @@@  H H  R¥*TR!I@@J, @@>$  $B B$B@@ @@$@@!@$$B@ @ @"  AI M B !$4HV AA@%@R$HHBI  IBH$BH$ I$BIBHB
Zd$CB@lI"YB %H%H"BIB% ~@"  H A  I @@ABB$H @P"Y( %$B$ I$$R` D2-@ $%H B$IBJ H$$BS$ IB)I#PBIB$MJ$H" "HB$BHQdJHHJ@PHR@)T2(@bIHRIC$JIR"SJB) $ HB
)B$MA@He@@BTI  !B
$@H@dB$K@@"*#HBH@A@I"RIH I%+@@!H%HHdIRKJE%dA  $J Ih hH&@J!YBH'@IBH$$ R!BJ(A J$%BB@"Q
RIB  $H )JvY$B"0@IR
IHR)J%B0Hb( V4*IPBA$0%%Re
BHjR$ jJC(H$HRa$CHZR$$HIJ)$ HHHP "ZHP*@ ZdRRIr@JI$(% '"HJ$B@$JIB`Z@$AH,"):J(BTPZ D " ~0  H H    0!@B| @D@@     I@,! H$B PB`HC  J% IB$A $HBHIBB
DHH$HH! HB$ BH$IPKB!RH*H%JJ% $R!
&R@B!&JK$IB"$I0j %I[FVPJ) Y2ZFHJ$BBIJ%JIZRAI$II$BJU R%-EA&($V$BQB""HP
HR@%%bRk.I%Bk(RKR1Bi2%RQJ$JR@H(B
TII$HHI$I$!@ @   $ B$IH@@ !B@ IBBR!H|@@@1\   ! !   $  @@ I $ $@"!RJHH  
$JB$!H$BJHR$@))PjI  !J( HBAaIH%%B@HJ$$0HBrI-BVIR
!IHJZ $$`@@p
ERRIBJ!@+)R%@-Im,$6K&.*RIR*IH"R*%*$ 
Q* IV4PZB%&aJ!IR$)B2IR (RJ!
J!QIPH
)$K(%()B.BJ",![J%()BbRBJ$A$)$ @@I `@ H @@  @@` !" 1$2  0@@@% @@B"$? &&"B B$BB$"J!$R$@dI!@B  @B @ B"HTESP-ROM:esp32c3-api1-20210207
Build:Feb  7 2021
rst:0x1 (POWERON),boot:0xf (SPI_FAST_FLASH_BOOT)
SPIWP:0xee
mode:DIO, clock div:1
load:0x3fcd5820,len:0x170c
load:0x403cc710,len:0x968
load:0x403ce710,len:0x2f9c
entry 0x403cc710
I (30) boot: ESP-IDF e7771c75-dirty 2nd stage bootloader
I (30) boot: compile time May 22 2024 18:42:15
I (30) boot: chip revision: v0.3
I (34) boot.esp32c3: SPI Speed      : 80MHz
I (39) boot.esp32c3: SPI Mode       : DIO
I (43) boot.esp32c3: SPI Flash Size : 4MB
I (48) boot: Enabling RNG early entropy source...
I (54) boot: Partition Table:
I (57) boot: ## Label            Usage          Type ST Offset   Length
I (64) boot:  0 nvs              WiFi data        01 02 00009000 00004000
I (72) boot:  1 otadata          OTA data         01 00 0000d000 00002000
I (79) boot:  2 phy_init         RF data          01 01 0000f000 00001000
I (87) boot:  3 factory          factory app      00 00 00010000 00100000
I (94) boot:  4 ota_0            OTA app          00 10 00110000 00100000
I (102) boot:  5 ota_1            OTA app          00 11 00210000 00100000
I (109) boot: End of partition table
I (114) boot: Defaulting to factory image
I (118) esp_image: segment 0: paddr=00010020 vaddr=3c090020 size=1f9f8h (129528) map
I (148) esp_image: segment 1: paddr=0002fa20 vaddr=3fc94600 size=005f8h (  1528) load
I (148) esp_image: segment 2: paddr=00030020 vaddr=42000020 size=8bcc4h (572612) map
I (247) esp_image: segment 3: paddr=000bbcec vaddr=3fc94bf8 size=02ce4h ( 11492) load
I (256) esp_image: segment 4: paddr=000be9d8 vaddr=40380000 size=145dch ( 83420) load
I (278) boot: Loaded app from partition at offset 0x10000
I (278) boot: Disabling RNG early entropy source...
I (290) cpu_start: Unicore app
I (290) cpu_start: Pro cpu up.
I (298) cpu_start: Pro cpu start user code
I (299) cpu_start: cpu freq: 160000000 Hz
I (299) cpu_start: Application information:
I (302) cpu_start: Project name:     network_adapter
I (307) cpu_start: App version:      release/ng-v1.0.2-260-g2eb1fff-
I (314) cpu_start: Compile time:     May 22 2024 18:42:10
I (320) cpu_start: ELF file SHA256:  5af0324b41a42717...
I (326) cpu_start: ESP-IDF:          e7771c75-dirty
I (332) cpu_start: Min chip rev:     v0.3
I (337) cpu_start: Max chip rev:     v1.99 
I (341) cpu_start: Chip rev:         v0.3
I (346) heap_init: Initializing. RAM available for dynamic allocation:
I (353) heap_init: At 3FC9B950 len 000246B0 (145 KiB): DRAM
I (360) heap_init: At 3FCC0000 len 0001C710 (113 KiB): DRAM/RETENTION
I (367) heap_init: At 3FCDC710 len 00002950 (10 KiB): DRAM/RETENTION/STACK
I (374) heap_init: At 50000010 len 00001FD8 (7 KiB): RTCRAM
I (381) spi_flash: detected chip: generic
I (385) spi_flash: flash io: dio
I (390) sleep: Configure to isolate all GPIO pins in sleep state
I (396) sleep: Enable automatic switching of GPIO sleep configuration
I (403) coexist: coex firmware version: 77cd7f8
I (408) coexist: coexist rom version 9387209
I (413) app_start: Starting scheduler on CPU0
I (418) main_task: Started on CPU0
I (422) main_task: Calling app_main()
I (426) stats: *********************************************************************
I (434) stats:                 ESP-Hosted Firmware version :: 1.0.3                        
I (443) stats:                 Transport used :: SPI only                      
I (451) stats: *********************************************************************
I (460) FW_MAIN: Supported features are:
I (464) FW_MAIN: - WLAN over SPI
I (468) FW_BT: - BT/BLE
I (471) FW_BT:    - HCI Over SPI
I (475) FW_BT:    - BLE only
I (479) FW_MAIN: Capabilities: 0xe8
pp rom version: 9387209
net80211 rom version: 9387209
I (489) wifi:wifi driver task: 3fca1e94, prio:23, stack:6656, core=0
I (495) wifi:wifi firmware version: e3cf69a
I (498) wifi:wifi certification version: v7.0
I (502) wifi:config NVS flash: disabled
I (506) wifi:config nano formating: disabled
I (510) wifi:Init data frame dynamic rx buffer num: 40
I (515) wifi:Init static rx mgmt buffer num: 5
I (519) wifi:Init management short buffer num: 32
I (523) wifi:Init dynamic tx buffer num: 40
I (527) wifi:Init static tx FG buffer num: 2
I (531) wifi:Init static rx buffer size: 1600
I (535) wifi:Init static rx buffer num: 20
I (539) wifi:Init dynamic rx buffer num: 40
I (543) wifi_init: rx ba win: 32
I (547) wifi_init: tcpip mbox: 32
I (551) wifi_init: udp mbox: 6
I (554) wifi_init: tcp mbox: 6
I (558) wifi_init: tcp tx win: 5760
I (562) wifi_init: tcp rx win: 5760
I (566) wifi_init: tcp mss: 1440
I (570) wifi_init: WiFi IRAM OP enabled
I (575) wifi_init: WiFi RX IRAM OP enabled
I (580) BLE_INIT: BT controller compile version [9359a4d]
I (586) BLE_INIT: Bluetooth MAC: a0:76:4e:00:09:a2

I (592) phy_init: phy_version 1150,7c3c08f,Jan 24 2024,17:32:21
I (633) FW_MAIN: ESP Bluetooth MAC addr: a0-76-4e- 0- 9-a2

I (633) FW_SPI: Using SPI interface
I (634) gpio: GPIO[5]| InputEn: 0| OutputEn: 1| OpenDrain: 0| Pullup: 0| Pulldown: 0| Intr:0 
I (642) gpio: GPIO[4]| InputEn: 0| OutputEn: 1| OpenDrain: 0| Pullup: 0| Pulldown: 0| Intr:0 
I (1652) FW_MAIN: Initial set up done
I (1652) main_task: Returned from app_main()
